Archive member included because of file (symbol)

c:/altera/12.0/nios2eds/bin/gnu/h-i686-mingw32/bin/../lib/gcc/nios2-elf/4.1.2\libgcc.a(lib2-divmod.o)
                              obj/default/hello_world.o (__divsi3)
c:/altera/12.0/nios2eds/bin/gnu/h-i686-mingw32/bin/../lib/gcc/nios2-elf/4.1.2/../../../../nios2-elf/lib\libc.a(lib_a-putchar.o)
                              obj/default/hello_world.o (putchar)
c:/altera/12.0/nios2eds/bin/gnu/h-i686-mingw32/bin/../lib/gcc/nios2-elf/4.1.2/../../../../nios2-elf/lib\libc.a(lib_a-puts.o)
                              obj/default/hello_world.o (puts)
c:/altera/12.0/nios2eds/bin/gnu/h-i686-mingw32/bin/../lib/gcc/nios2-elf/4.1.2/../../../../nios2-elf/lib\libc.a(lib_a-strlen.o)
                              c:/altera/12.0/nios2eds/bin/gnu/h-i686-mingw32/bin/../lib/gcc/nios2-elf/4.1.2/../../../../nios2-elf/lib\libc.a(lib_a-puts.o) (strlen)
c:/altera/12.0/nios2eds/bin/gnu/h-i686-mingw32/bin/../lib/gcc/nios2-elf/4.1.2/../../../../nios2-elf/lib\libc.a(lib_a-fvwrite.o)
                              c:/altera/12.0/nios2eds/bin/gnu/h-i686-mingw32/bin/../lib/gcc/nios2-elf/4.1.2/../../../../nios2-elf/lib\libc.a(lib_a-puts.o) (__sfvwrite_r)
c:/altera/12.0/nios2eds/bin/gnu/h-i686-mingw32/bin/../lib/gcc/nios2-elf/4.1.2/../../../../nios2-elf/lib\libc.a(lib_a-impure.o)
                              c:/altera/12.0/nios2eds/bin/gnu/h-i686-mingw32/bin/../lib/gcc/nios2-elf/4.1.2/../../../../nios2-elf/lib\libc.a(lib_a-putchar.o) (_impure_ptr)
c:/altera/12.0/nios2eds/bin/gnu/h-i686-mingw32/bin/../lib/gcc/nios2-elf/4.1.2/../../../../nios2-elf/lib\libc.a(lib_a-mallocr.o)
                              c:/altera/12.0/nios2eds/bin/gnu/h-i686-mingw32/bin/../lib/gcc/nios2-elf/4.1.2/../../../../nios2-elf/lib\libc.a(lib_a-fvwrite.o) (_malloc_r)
c:/altera/12.0/nios2eds/bin/gnu/h-i686-mingw32/bin/../lib/gcc/nios2-elf/4.1.2/../../../../nios2-elf/lib\libc.a(lib_a-memchr.o)
                              c:/altera/12.0/nios2eds/bin/gnu/h-i686-mingw32/bin/../lib/gcc/nios2-elf/4.1.2/../../../../nios2-elf/lib\libc.a(lib_a-fvwrite.o) (memchr)
c:/altera/12.0/nios2eds/bin/gnu/h-i686-mingw32/bin/../lib/gcc/nios2-elf/4.1.2/../../../../nios2-elf/lib\libc.a(lib_a-memcpy.o)
                              c:/altera/12.0/nios2eds/bin/gnu/h-i686-mingw32/bin/../lib/gcc/nios2-elf/4.1.2/../../../../nios2-elf/lib\libc.a(lib_a-fvwrite.o) (memcpy)
c:/altera/12.0/nios2eds/bin/gnu/h-i686-mingw32/bin/../lib/gcc/nios2-elf/4.1.2/../../../../nios2-elf/lib\libc.a(lib_a-memmove.o)
                              c:/altera/12.0/nios2eds/bin/gnu/h-i686-mingw32/bin/../lib/gcc/nios2-elf/4.1.2/../../../../nios2-elf/lib\libc.a(lib_a-fvwrite.o) (memmove)
c:/altera/12.0/nios2eds/bin/gnu/h-i686-mingw32/bin/../lib/gcc/nios2-elf/4.1.2/../../../../nios2-elf/lib\libc.a(lib_a-putc.o)
                              c:/altera/12.0/nios2eds/bin/gnu/h-i686-mingw32/bin/../lib/gcc/nios2-elf/4.1.2/../../../../nios2-elf/lib\libc.a(lib_a-putchar.o) (_putc_r)
c:/altera/12.0/nios2eds/bin/gnu/h-i686-mingw32/bin/../lib/gcc/nios2-elf/4.1.2/../../../../nios2-elf/lib\libc.a(lib_a-reallocr.o)
                              c:/altera/12.0/nios2eds/bin/gnu/h-i686-mingw32/bin/../lib/gcc/nios2-elf/4.1.2/../../../../nios2-elf/lib\libc.a(lib_a-fvwrite.o) (_realloc_r)
c:/altera/12.0/nios2eds/bin/gnu/h-i686-mingw32/bin/../lib/gcc/nios2-elf/4.1.2/../../../../nios2-elf/lib\libc.a(lib_a-sbrkr.o)
                              c:/altera/12.0/nios2eds/bin/gnu/h-i686-mingw32/bin/../lib/gcc/nios2-elf/4.1.2/../../../../nios2-elf/lib\libc.a(lib_a-mallocr.o) (_sbrk_r)
c:/altera/12.0/nios2eds/bin/gnu/h-i686-mingw32/bin/../lib/gcc/nios2-elf/4.1.2/../../../../nios2-elf/lib\libc.a(lib_a-wbuf.o)
                              c:/altera/12.0/nios2eds/bin/gnu/h-i686-mingw32/bin/../lib/gcc/nios2-elf/4.1.2/../../../../nios2-elf/lib\libc.a(lib_a-putc.o) (__swbuf_r)
c:/altera/12.0/nios2eds/bin/gnu/h-i686-mingw32/bin/../lib/gcc/nios2-elf/4.1.2/../../../../nios2-elf/lib\libc.a(lib_a-wsetup.o)
                              c:/altera/12.0/nios2eds/bin/gnu/h-i686-mingw32/bin/../lib/gcc/nios2-elf/4.1.2/../../../../nios2-elf/lib\libc.a(lib_a-fvwrite.o) (__swsetup_r)
c:/altera/12.0/nios2eds/bin/gnu/h-i686-mingw32/bin/../lib/gcc/nios2-elf/4.1.2/../../../../nios2-elf/lib\libc.a(lib_a-fflush.o)
                              c:/altera/12.0/nios2eds/bin/gnu/h-i686-mingw32/bin/../lib/gcc/nios2-elf/4.1.2/../../../../nios2-elf/lib\libc.a(lib_a-fvwrite.o) (_fflush_r)
c:/altera/12.0/nios2eds/bin/gnu/h-i686-mingw32/bin/../lib/gcc/nios2-elf/4.1.2/../../../../nios2-elf/lib\libc.a(lib_a-findfp.o)
                              c:/altera/12.0/nios2eds/bin/gnu/h-i686-mingw32/bin/../lib/gcc/nios2-elf/4.1.2/../../../../nios2-elf/lib\libc.a(lib_a-putc.o) (__sinit)
c:/altera/12.0/nios2eds/bin/gnu/h-i686-mingw32/bin/../lib/gcc/nios2-elf/4.1.2/../../../../nios2-elf/lib\libc.a(lib_a-freer.o)
[...]
Memory Configuration

Name             Origin             Length             Attributes
reset            0x00010000         0x00000020
onchip_memory2_0 0x00010020         0x00009c80
*default*        0x00000000         0xffffffff

Linker script and memory map

LOAD ../tdee_bsp//obj/HAL/src/crt0.o
LOAD obj/default/hello_world.o
LOAD c:/altera/12.0/nios2eds/bin/gnu/h-i686-mingw32/bin/../lib/gcc/nios2-elf/4.1.2/../../../../nios2-elf/lib\libstdc++.a
LOAD c:/altera/12.0/nios2eds/bin/gnu/h-i686-mingw32/bin/../lib/gcc/nios2-elf/4.1.2/../../../../nios2-elf/lib\libm.a
LOAD c:/altera/12.0/nios2eds/bin/gnu/h-i686-mingw32/bin/../lib/gcc/nios2-elf/4.1.2\libgcc.a
START GROUP
LOAD c:/altera/12.0/nios2eds/bin/gnu/h-i686-mingw32/bin/../lib/gcc/nios2-elf/4.1.2/../../../../nios2-elf/lib\libc.a
LOAD c:/altera/12.0/nios2eds/bin/gnu/h-i686-mingw32/bin/../lib/gcc/nios2-elf/4.1.2\libgcc.a
LOAD ../tdee_bsp/\libhal_bsp.a
END GROUP
LOAD c:/altera/12.0/nios2eds/bin/gnu/h-i686-mingw32/bin/../lib/gcc/nios2-elf/4.1.2\libgcc.a
                0x00010000                __alt_mem_onchip_memory2_0 = 0x10000

.entry          0x00010000       0x20
 *(.entry)
 .entry         0x00010000       0x20 ../tdee_bsp//obj/HAL/src/crt0.o
                0x00010000                __reset

.exceptions     0x00010020      0x194
                0x00010020                PROVIDE (__ram_exceptions_start, ABSOLUTE (.))
                0x00010020                . = ALIGN (0x20)
 *(.irq)
 *(.exceptions.entry.label)
 .exceptions.entry.label
                0x00010020        0x0 ../tdee_bsp/\libhal_bsp.a(alt_irq_entry.o)
                0x00010020                alt_irq_entry
 .exceptions.entry.label
                0x00010020        0x0 ../tdee_bsp/\libhal_bsp.a(alt_exception_entry.o)
                0x00010020                alt_exception
 *(.exceptions.entry.user)
 *(.exceptions.entry)
 .exceptions.entry
                0x00010020       0x54 ../tdee_bsp/\libhal_bsp.a(alt_exception_entry.o)
 *(.exceptions.irqtest.user)
 *(.exceptions.irqtest)
 .exceptions.irqtest
                0x00010074       0x10 ../tdee_bsp/\libhal_bsp.a(alt_irq_entry.o)
 *(.exceptions.irqhandler.user)
 *(.exceptions.irqhandler)
 .exceptions.irqhandler
                0x00010084        0x4 ../tdee_bsp/\libhal_bsp.a(alt_irq_entry.o)
 *(.exceptions.irqreturn.user)
 *(.exceptions.irqreturn)
 .exceptions.irqreturn
                0x00010088        0x4 ../tdee_bsp/\libhal_bsp.a(alt_irq_entry.o)
 *(.exceptions.notirq.label)
 .exceptions.notirq.label
                0x0001008c        0x0 ../tdee_bsp/\libhal_bsp.a(alt_irq_entry.o)
 *(.exceptions.notirq.user)
 *(.exceptions.notirq)
 .exceptions.notirq
                0x0001008c        0x8 ../tdee_bsp/\libhal_bsp.a(alt_exception_entry.o)
 *(.exceptions.soft.user)
 *(.exceptions.soft)
 *(.exceptions.unknown.user)
 *(.exceptions.unknown)
 .exceptions.unknown
                0x00010094        0x4 ../tdee_bsp/\libhal_bsp.a(alt_exception_entry.o)
 *(.exceptions.exit.label)
 .exceptions.exit.label
                0x00010098        0x0 ../tdee_bsp/\libhal_bsp.a(alt_irq_entry.o)
 .exceptions.exit.label
                0x00010098        0x0 ../tdee_bsp/\libhal_bsp.a(alt_exception_entry.o)
 *(.exceptions.exit.user)
 *(.exceptions.exit)
 .exceptions.exit
                0x00010098       0x54 ../tdee_bsp/\libhal_bsp.a(alt_exception_entry.o)
 *(.exceptions)
 .exceptions    0x000100ec       0xc8 ../tdee_bsp/\libhal_bsp.a(alt_irq_handler.o)
                0x000100ec                alt_irq_handler
                0x000101b4                PROVIDE (__ram_exceptions_end, ABSOLUTE (.))
                0x00010020                PROVIDE (__flash_exceptions_start, LOADADDR (.exceptions))

.text           0x000101b4     0x609c
                0x000101b4                PROVIDE (stext, ABSOLUTE (.))
 *(.interp)
 *(.hash)
 *(.dynsym)
 *(.dynstr)
 *(.gnu.version)
 *(.gnu.version_d)
 *(.gnu.version_r)
 *(.rel.init)
 *(.rela.init)
 *(.rel.text .rel.text.* .rel.gnu.linkonce.t.*)
 *(.rela.text .rela.text.* .rela.gnu.linkonce.t.*)
 *(.rel.fini)
 *(.rela.fini)
 *(.rel.rodata .rel.rodata.* .rel.gnu.linkonce.r.*)
 *(.rela.rodata .rela.rodata.* .rela.gnu.linkonce.r.*)
 *(.rel.data .rel.data.* .rel.gnu.linkonce.d.*)
 *(.rela.data .rela.data.* .rela.gnu.linkonce.d.*)
 *(.rel.tdata .rel.tdata.* .rel.gnu.linkonce.td.*)
 *(.rela.tdata .rela.tdata.* .rela.gnu.linkonce.td.*)
 *(.rel.tbss .rel.tbss.* .rel.gnu.linkonce.tb.*)
 *(.rela.tbss .rela.tbss.* .rela.gnu.linkonce.tb.*)
 *(.rel.ctors)
 *(.rela.ctors)
 *(.rel.dtors)
 *(.rela.dtors)
 *(.rel.got)
 *(.rela.got)
 *(.rel.sdata .rel.sdata.* .rel.gnu.linkonce.s.*)
 *(.rela.sdata .rela.sdata.* .rela.gnu.linkonce.s.*)
 *(.rel.sbss .rel.sbss.* .rel.gnu.linkonce.sb.*)
 *(.rela.sbss .rela.sbss.* .rela.gnu.linkonce.sb.*)
 *(.rel.sdata2 .rel.sdata2.* .rel.gnu.linkonce.s2.*)
 *(.rela.sdata2 .rela.sdata2.* .rela.gnu.linkonce.s2.*)
 *(.rel.sbss2 .rel.sbss2.* .rel.gnu.linkonce.sb2.*)
 *(.rela.sbss2 .rela.sbss2.* .rela.gnu.linkonce.sb2.*)
 *(.rel.bss .rel.bss.* .rel.gnu.linkonce.b.*)
 *(.rela.bss .rela.bss.* .rela.gnu.linkonce.b.*)
 *(.rel.plt)
 *(.rela.plt)
 *(.rel.dyn)
 *(.init)
 *(.plt)
 *(.text .stub .text.* .gnu.linkonce.t.*)
 .text          0x000101b4       0x4c ../tdee_bsp//obj/HAL/src/crt0.o
                0x000101b4                _start
 .text          0x00010200      0x920 obj/default/hello_world.o
                0x00010200                Bmr
                0x000102fc                Tdee
                0x0001042c                Separate
                0x000104e4                Show
                0x000106a8                main
 .text          0x00010b20      0x14c c:/altera/12.0/nios2eds/bin/gnu/h-i686-mingw32/bin/../lib/gcc/nios2-elf/4.1.2\libgcc.a(lib2-divmod.o)
                0x00010b9c                __divsi3
                0x00010bfc                __modsi3
                0x00010c5c                __udivsi3
                0x00010c64                __umodsi3
 .text          0x00010c6c       0x24 c:/altera/12.0/nios2eds/bin/gnu/h-i686-mingw32/bin/../lib/gcc/nios2-elf/4.1.2/../../../../nios2-elf/lib\libc.a(lib_a-putchar.o)
                0x00010c6c                putchar
                0x00010c88                _putchar_r
 .text          0x00010c90       0xb4 c:/altera/12.0/nios2eds/bin/gnu/h-i686-mingw32/bin/../lib/gcc/nios2-elf/4.1.2/../../../../nios2-elf/lib\libc.a(lib_a-puts.o)
                0x00010c90                _puts_r
                0x00010d30                puts
 .text          0x00010d44       0x74 c:/altera/12.0/nios2eds/bin/gnu/h-i686-mingw32/bin/../lib/gcc/nios2-elf/4.1.2/../../../../nios2-elf/lib\libc.a(lib_a-strlen.o)
                0x00010d44                strlen
 .text          0x00010db8      0x49c c:/altera/12.0/nios2eds/bin/gnu/h-i686-mingw32/bin/../lib/gcc/nios2-elf/4.1.2/../../../../nios2-elf/lib\libc.a(lib_a-fvwrite.o)
                0x00010db8                __sfvwrite_r
 .text          0x00011254        0x0 c:/altera/12.0/nios2eds/bin/gnu/h-i686-mingw32/bin/../lib/gcc/nios2-elf/4.1.2/../../../../nios2-elf/lib\libc.a(lib_a-impure.o)
 .text          0x00011254      0x740 c:/altera/12.0/nios2eds/bin/gnu/h-i686-mingw32/bin/../lib/gcc/nios2-elf/4.1.2/../../../../nios2-elf/lib\libc.a(lib_a-mallocr.o)
                0x00011254                _malloc_r
 .text          0x00011994       0xe4 c:/altera/12.0/nios2eds/bin/gnu/h-i686-mingw32/bin/../lib/gcc/nios2-elf/4.1.2/../../../../nios2-elf/lib\libc.a(lib_a-memchr.o)
                0x00011994                memchr
 .text          0x00011a78       0xa0 c:/altera/12.0/nios2eds/bin/gnu/h-i686-mingw32/bin/../lib/gcc/nios2-elf/4.1.2/../../../../nios2-elf/lib\libc.a(lib_a-memcpy.o)
                0x00011a78                memcpy
 .text          0x00011b18       0xe0 c:/altera/12.0/nios2eds/bin/gnu/h-i686-mingw32/bin/../lib/gcc/nios2-elf/4.1.2/../../../../nios2-elf/lib\libc.a(lib_a-memmove.o)
                0x00011b18                memmove
 .text          0x00011bf8      0x1ec c:/altera/12.0/nios2eds/bin/gnu/h-i686-mingw32/bin/../lib/gcc/nios2-elf/4.1.2/../../../../nios2-elf/lib\libc.a(lib_a-putc.o)
                0x00011bf8                putc
                0x00011cfc                _putc_r
 .text          0x00011de4      0x5f4 c:/altera/12.0/nios2eds/bin/gnu/h-i686-mingw32/bin/../lib/gcc/nios2-elf/4.1.2/../../../../nios2-elf/lib\libc.a(lib_a-reallocr.o)
                0x00011de4                _realloc_r
 .text          0x000123d8       0x70 c:/altera/12.0/nios2eds/bin/gnu/h-i686-mingw32/bin/../lib/gcc/nios2-elf/4.1.2/../../../../nios2-elf/lib\libc.a(lib_a-sbrkr.o)
                0x000123d8                _sbrk_r
 .text          0x00012448      0x14c c:/altera/12.0/nios2eds/bin/gnu/h-i686-mingw32/bin/../lib/gcc/nios2-elf/4.1.2/../../../../nios2-elf/lib\libc.a(lib_a-wbuf.o)
                0x00012448                __swbuf_r
                0x00012578                __swbuf
 .text          0x00012594      0x13c c:/altera/12.0/nios2eds/bin/gnu/h-i686-mingw32/bin/../lib/gcc/nios2-elf/4.1.2/../../../../nios2-elf/lib\libc.a(lib_a-wsetup.o)
                0x00012594                __swsetup_r
 .text          0x000126d0      0x230 c:/altera/12.0/nios2eds/bin/gnu/h-i686-mingw32/bin/../lib/gcc/nios2-elf/4.1.2/../../../../nios2-elf/lib\libc.a(lib_a-fflush.o)
                0x000126d0                _fflush_r
                0x000128cc                fflush
 .text          0x00012900      0x2c0 c:/altera/12.0/nios2eds/bin/gnu/h-i686-mingw32/bin/../lib/gcc/nios2-elf/4.1.2/../../../../nios2-elf/lib\libc.a(lib_a-findfp.o)
                0x00012958                __sfp_lock_acquire
                0x0001295c                __sfp_lock_release
                0x00012960                __sinit_lock_acquire
                0x00012964                __sinit_lock_release
                0x00012968                __sinit
                0x00012a1c                __fp_unlock_all
                0x00012a34                __fp_lock_all
                0x00012a4c                _cleanup_r
                0x00012a58                _cleanup
                0x00012a68                __sfmoreglue
                0x00012ad0                __sfp
 .text          0x00012bc0      0x440 c:/altera/12.0/nios2eds/bin/gnu/h-i686-mingw32/bin/../lib/gcc/nios2-elf/4.1.2/../../../../nios2-elf/lib\libc.a(lib_a-freer.o)
                0x00012bc0                _malloc_trim_r
                0x00012cec                _free_r
 .text          0x00013000      0x180 c:/altera/12.0/nios2eds/bin/gnu/h-i686-mingw32/bin/../lib/gcc/nios2-elf/4.1.2/../../../../nios2-elf/lib\libc.a(lib_a-fwalk.o)
                0x00013000                _fwalk_reent
                0x000130c8                _fwalk
 .text          0x00013180        0x0 c:/altera/12.0/nios2eds/bin/gnu/h-i686-mingw32/bin/../lib/gcc/nios2-elf/4.1.2/../../../../nios2-elf/lib\libc.a(lib_a-int_errno.o)
 .text          0x00013180      0x194 c:/altera/12.0/nios2eds/bin/gnu/h-i686-mingw32/bin/../lib/gcc/nios2-elf/4.1.2/../../../../nios2-elf/lib\libc.a(lib_a-makebuf.o)
                0x00013180                __smakebuf_r
 .text          0x00013314       0x98 c:/altera/12.0/nios2eds/bin/gnu/h-i686-mingw32/bin/../lib/gcc/nios2-elf/4.1.2/../../../../nios2-elf/lib\libc.a(lib_a-memset.o)
                0x00013314                memset
 .text          0x000133ac      0x14c c:/altera/12.0/nios2eds/bin/gnu/h-i686-mingw32/bin/../lib/gcc/nios2-elf/4.1.2/../../../../nios2-elf/lib\libc.a(lib_a-stdio.o)
                0x000133ac                __sclose
                0x000133b4                __sseek
                0x0001341c                __swrite
                0x00013498                __sread
 .text          0x000134f8       0x78 c:/altera/12.0/nios2eds/bin/gnu/h-i686-mingw32/bin/../lib/gcc/nios2-elf/4.1.2/../../../../nios2-elf/lib\libc.a(lib_a-writer.o)
                0x000134f8                _write_r
 .text          0x00013570       0x70 c:/altera/12.0/nios2eds/bin/gnu/h-i686-mingw32/bin/../lib/gcc/nios2-elf/4.1.2/../../../../nios2-elf/lib\libc.a(lib_a-closer.o)
                0x00013570                _close_r
 .text          0x000135e0      0x124 c:/altera/12.0/nios2eds/bin/gnu/h-i686-mingw32/bin/../lib/gcc/nios2-elf/4.1.2/../../../../nios2-elf/lib\libc.a(lib_a-fclose.o)
                0x000135e0                _fclose_r
                0x000136f0                fclose
 .text          0x00013704       0x74 c:/altera/12.0/nios2eds/bin/gnu/h-i686-mingw32/bin/../lib/gcc/nios2-elf/4.1.2/../../../../nios2-elf/lib\libc.a(lib_a-fstatr.o)
                0x00013704                _fstat_r
 .text          0x00013778       0x70 c:/altera/12.0/nios2eds/bin/gnu/h-i686-mingw32/bin/../lib/gcc/nios2-elf/4.1.2/../../../../nios2-elf/lib\libc.a(lib_a-isattyr.o)
                0x00013778                _isatty_r
 .text          0x000137e8       0x78 c:/altera/12.0/nios2eds/bin/gnu/h-i686-mingw32/bin/../lib/gcc/nios2-elf/4.1.2/../../../../nios2-elf/lib\libc.a(lib_a-lseekr.o)
                0x000137e8                _lseek_r
 .text          0x00013860       0x78 c:/altera/12.0/nios2eds/bin/gnu/h-i686-mingw32/bin/../lib/gcc/nios2-elf/4.1.2/../../../../nios2-elf/lib\libc.a(lib_a-readr.o)
                0x00013860                _read_r
 .text          0x000138d8      0x15c ../tdee_bsp/\libhal_bsp.a(alt_close.o)
                0x000138d8                close
 .text          0x00013a34       0x2c ../tdee_bsp/\libhal_bsp.a(alt_dev.o)
 .text          0x00013a60        0x0 ../tdee_bsp/\libhal_bsp.a(alt_errno.o)
 .text          0x00013a60      0x134 ../tdee_bsp/\libhal_bsp.a(alt_fstat.o)
                0x00013a60                fstat
 .text          0x00013b94      0x120 ../tdee_bsp/\libhal_bsp.a(alt_isatty.o)
                0x00013b94                isatty
 .text          0x00013cb4       0xec ../tdee_bsp/\libhal_bsp.a(alt_load.o)
                0x00013cb4                alt_load
 .text          0x00013da0      0x150 ../tdee_bsp/\libhal_bsp.a(alt_lseek.o)
                0x00013da0                lseek
 .text          0x00013ef0       0x6c ../tdee_bsp/\libhal_bsp.a(alt_main.o)
                0x00013ef0                alt_main
 .text          0x00013f5c       0x40 ../tdee_bsp/\libhal_bsp.a(alt_malloc_lock.o)
                0x00013f5c                __malloc_lock
                0x00013f7c                __malloc_unlock
 .text          0x00013f9c      0x180 ../tdee_bsp/\libhal_bsp.a(alt_read.o)
                0x00013f9c                read
 .text          0x0001411c       0x60 ../tdee_bsp/\libhal_bsp.a(alt_release_fd.o)
                0x0001411c                alt_release_fd
 .text          0x0001417c       0xbc ../tdee_bsp/\libhal_bsp.a(alt_sbrk.o)
                0x0001417c                sbrk
 .text          0x00014238      0x180 ../tdee_bsp/\libhal_bsp.a(alt_write.o)
                0x00014238                write
 .text          0x000143b8       0xb0 ../tdee_bsp/\libhal_bsp.a(alt_sys_init.o)
                0x000143b8                alt_irq_init
                0x000143ec                alt_sys_init
 .text          0x00014468      0x148 ../tdee_bsp/\libhal_bsp.a(altera_avalon_jtag_uart_fd.o)
                0x00014468                altera_avalon_jtag_uart_read_fd
                0x000144c0                altera_avalon_jtag_uart_write_fd
                0x00014518                altera_avalon_jtag_uart_close_fd
                0x00014560                altera_avalon_jtag_uart_ioctl_fd
 .text          0x000145b0      0x40c ../tdee_bsp/\libhal_bsp.a(altera_avalon_jtag_uart_init.o)
                0x000145b0                altera_avalon_jtag_uart_init
                0x00014948                altera_avalon_jtag_uart_close
 .text          0x000149bc       0xf4 ../tdee_bsp/\libhal_bsp.a(altera_avalon_jtag_uart_ioctl.o)
                0x000149bc                altera_avalon_jtag_uart_ioctl
 .text          0x00014ab0      0x224 ../tdee_bsp/\libhal_bsp.a(altera_avalon_jtag_uart_read.o)
                0x00014ab0                altera_avalon_jtag_uart_read
 .text          0x00014cd4      0x240 ../tdee_bsp/\libhal_bsp.a(altera_avalon_jtag_uart_write.o)
                0x00014cd4                altera_avalon_jtag_uart_write
 .text          0x00014f14      0x154 ../tdee_bsp/\libhal_bsp.a(alt_alarm_start.o)
                0x00014f14                alt_alarm_start
 .text          0x00015068       0x44 ../tdee_bsp/\libhal_bsp.a(alt_dcache_flush_all.o)
                0x00015068                alt_dcache_flush_all
 .text          0x000150ac      0x114 ../tdee_bsp/\libhal_bsp.a(alt_dev_llist_insert.o)
                0x000150ac                alt_dev_llist_insert
 .text          0x000151c0       0x64 ../tdee_bsp/\libhal_bsp.a(alt_do_ctors.o)
                0x000151c0                _do_ctors
 .text          0x00015224       0x64 ../tdee_bsp/\libhal_bsp.a(alt_do_dtors.o)
                0x00015224                _do_dtors
 .text          0x00015288       0x30 ../tdee_bsp/\libhal_bsp.a(alt_icache_flush_all.o)
                0x00015288                alt_icache_flush_all
 .text          0x000152b8      0x1d4 ../tdee_bsp/\libhal_bsp.a(alt_iic.o)
                0x000152b8                alt_ic_isr_register
                0x00015308                alt_ic_irq_enable
                0x000153a4                alt_ic_irq_disable
                0x00015444                alt_ic_irq_enabled
 .text          0x0001548c       0xf8 ../tdee_bsp/\libhal_bsp.a(alt_iic_isr_register.o)
                0x0001548c                alt_iic_isr_register
 .text          0x00015584      0x13c ../tdee_bsp/\libhal_bsp.a(alt_io_redirect.o)
                0x00015648                alt_io_redirect
 .text          0x000156c0        0x0 ../tdee_bsp/\libhal_bsp.a(alt_irq_entry.o)
 .text          0x000156c0        0x0 ../tdee_bsp/\libhal_bsp.a(alt_irq_handler.o)
 .text          0x000156c0        0x0 ../tdee_bsp/\libhal_bsp.a(alt_irq_vars.o)
 .text          0x000156c0      0x2c4 ../tdee_bsp/\libhal_bsp.a(alt_open.o)
                0x0001579c                open
 .text          0x00015984      0x1a4 ../tdee_bsp/\libhal_bsp.a(alt_tick.o)
                0x00015984                alt_alarm_stop
                0x00015a1c                alt_tick
 .text          0x00015b28       0x20 ../tdee_bsp/\libhal_bsp.a(altera_nios2_qsys_irq.o)
                0x00015b28                altera_nios2_qsys_irq_init
 .text          0x00015b48        0x0 ../tdee_bsp/\libhal_bsp.a(alt_exception_entry.o)
 .text          0x00015b48       0x94 ../tdee_bsp/\libhal_bsp.a(alt_find_dev.o)
                0x00015b48                alt_find_dev
 .text          0x00015bdc      0x120 ../tdee_bsp/\libhal_bsp.a(alt_find_file.o)
                0x00015bdc                alt_find_file
 .text          0x00015cfc       0xb8 ../tdee_bsp/\libhal_bsp.a(alt_get_fd.o)
                0x00015cfc                alt_get_fd
 .text          0x00015db4       0x90 ../tdee_bsp/\libhal_bsp.a(alt_icache_flush.o)
                0x00015db4                alt_icache_flush
 .text          0x00015e44       0x14 c:/altera/12.0/nios2eds/bin/gnu/h-i686-mingw32/bin/../lib/gcc/nios2-elf/4.1.2/../../../../nios2-elf/lib\libc.a(lib_a-atexit.o)
                0x00015e44                atexit
 .text          0x00015e58       0x38 c:/altera/12.0/nios2eds/bin/gnu/h-i686-mingw32/bin/../lib/gcc/nios2-elf/4.1.2/../../../../nios2-elf/lib\libc.a(lib_a-exit.o)
                0x00015e58                exit
 .text          0x00015e90       0x74 c:/altera/12.0/nios2eds/bin/gnu/h-i686-mingw32/bin/../lib/gcc/nios2-elf/4.1.2/../../../../nios2-elf/lib\libc.a(lib_a-memcmp.o)
                0x00015e90                memcmp
 .text          0x00015f04      0x134 c:/altera/12.0/nios2eds/bin/gnu/h-i686-mingw32/bin/../lib/gcc/nios2-elf/4.1.2/../../../../nios2-elf/lib\libc.a(lib_a-__atexit.o)
                0x00015f04                __register_exitproc
 .text          0x00016038      0x1b4 c:/altera/12.0/nios2eds/bin/gnu/h-i686-mingw32/bin/../lib/gcc/nios2-elf/4.1.2/../../../../nios2-elf/lib\libc.a(lib_a-__call_atexit.o)
                0x0001603c                __call_exitprocs
 .text          0x000161ec       0x60 ../tdee_bsp/\libhal_bsp.a(alt_exit.o)
                0x0001622c                _exit
 *(.gnu.warning.*)
 *(.fini)
                0x0001624c                PROVIDE (__etext, ABSOLUTE (.))
                0x0001624c                PROVIDE (_etext, ABSOLUTE (.))
                0x0001624c                PROVIDE (etext, ABSOLUTE (.))
 *(.eh_frame_hdr)
                0x0001624c                . = ALIGN (0x4)
                0x0001624c                PROVIDE (__preinit_array_start, ABSOLUTE (.))
 *(.preinit_array)
                0x0001624c                PROVIDE (__preinit_array_end, ABSOLUTE (.))
                0x0001624c                PROVIDE (__init_array_start, ABSOLUTE (.))
 *(.init_array)
                0x0001624c                PROVIDE (__init_array_end, ABSOLUTE (.))
                0x0001624c                PROVIDE (__fini_array_start, ABSOLUTE (.))
 *(.fini_array)
                0x0001624c                PROVIDE (__fini_array_end, ABSOLUTE (.))
 *(.eh_frame)
 *(.gcc_except_table)
 *(.dynamic)
                0x0001624c                PROVIDE (__CTOR_LIST__, ABSOLUTE (.))
 *(.ctors)
 *(SORT(.ctors.*))
 .ctors.65535   0x0001624c        0x4 c:/altera/12.0/nios2eds/bin/gnu/h-i686-mingw32/bin/../lib/gcc/nios2-elf/4.1.2/../../../../nios2-elf/lib\libc.a(lib_a-__call_atexit.o)
                0x00016250                PROVIDE (__CTOR_END__, ABSOLUTE (.))
                0x00016250                PROVIDE (__DTOR_LIST__, ABSOLUTE (.))
 *(.dtors)
 *(SORT(.dtors.*))
                0x00016250                PROVIDE (__DTOR_END__, ABSOLUTE (.))
 *(.jcr)
                0x00016250                . = ALIGN (0x4)

.rodata         0x00016250      0x20c
                0x00016250                PROVIDE (__ram_rodata_start, ABSOLUTE (.))
                0x00016250                . = ALIGN (0x4)
 *(.rodata .rodata.* .gnu.linkonce.r.*)
 .rodata        0x00016250      0x1d0 obj/default/hello_world.o
 .rodata.str1.4
                0x00016420        0x2 c:/altera/12.0/nios2eds/bin/gnu/h-i686-mingw32/bin/../lib/gcc/nios2-elf/4.1.2/../../../../nios2-elf/lib\libc.a(lib_a-puts.o)
                                  0x4 (size before relaxing)
 *fill*         0x00016422        0x2 00
 .rodata.str1.4
                0x00016424        0x4 c:/altera/12.0/nios2eds/bin/gnu/h-i686-mingw32/bin/../lib/gcc/nios2-elf/4.1.2/../../../../nios2-elf/lib\libc.a(lib_a-impure.o)
 .rodata        0x00016428        0xc ../tdee_bsp/\libhal_bsp.a(alt_dev.o)
 .rodata        0x00016434       0x14 ../tdee_bsp/\libhal_bsp.a(alt_main.o)
 .rodata        0x00016448       0x14 ../tdee_bsp/\libhal_bsp.a(alt_sys_init.o)
 *(.rodata1)
                0x0001645c                . = ALIGN (0x4)
                0x0001645c                PROVIDE (__ram_rodata_end, ABSOLUTE (.))
                0x00016250                PROVIDE (__flash_rodata_start, LOADADDR (.rodata))

.rwdata         0x0001645c     0x1a48 load address 0x00017ea4
                0x0001645c                PROVIDE (__ram_rwdata_start, ABSOLUTE (.))
                0x0001645c                . = ALIGN (0x4)
 *(.got.plt)
 *(.got)
 *(.data1)
 *(.data .data.* .gnu.linkonce.d.*)
 .data          0x0001645c        0x0 ../tdee_bsp//obj/HAL/src/crt0.o
 .data          0x0001645c        0x0 obj/default/hello_world.o
 .data          0x0001645c        0x0 c:/altera/12.0/nios2eds/bin/gnu/h-i686-mingw32/bin/../lib/gcc/nios2-elf/4.1.2\libgcc.a(lib2-divmod.o)
 .data          0x0001645c        0x0 c:/altera/12.0/nios2eds/bin/gnu/h-i686-mingw32/bin/../lib/gcc/nios2-elf/4.1.2/../../../../nios2-elf/lib\libc.a(lib_a-putchar.o)
 .data          0x0001645c        0x0 c:/altera/12.0/nios2eds/bin/gnu/h-i686-mingw32/bin/../lib/gcc/nios2-elf/4.1.2/../../../../nios2-elf/lib\libc.a(lib_a-puts.o)
 .data          0x0001645c        0x0 c:/altera/12.0/nios2eds/bin/gnu/h-i686-mingw32/bin/../lib/gcc/nios2-elf/4.1.2/../../../../nios2-elf/lib\libc.a(lib_a-strlen.o)
 .data          0x0001645c        0x0 c:/altera/12.0/nios2eds/bin/gnu/h-i686-mingw32/bin/../lib/gcc/nios2-elf/4.1.2/../../../../nios2-elf/lib\libc.a(lib_a-fvwrite.o)
 .data          0x0001645c      0x400 c:/altera/12.0/nios2eds/bin/gnu/h-i686-mingw32/bin/../lib/gcc/nios2-elf/4.1.2/../../../../nios2-elf/lib\libc.a(lib_a-impure.o)
 .data          0x0001685c      0x408 c:/altera/12.0/nios2eds/bin/gnu/h-i686-mingw32/bin/../lib/gcc/nios2-elf/4.1.2/../../../../nios2-elf/lib\libc.a(lib_a-mallocr.o)
                0x0001685c                __malloc_av_
 .data          0x00016c64        0x0 c:/altera/12.0/nios2eds/bin/gnu/h-i686-mingw32/bin/../lib/gcc/nios2-elf/4.1.2/../../../../nios2-elf/lib\libc.a(lib_a-memchr.o)
 .data          0x00016c64        0x0 c:/altera/12.0/nios2eds/bin/gnu/h-i686-mingw32/bin/../lib/gcc/nios2-elf/4.1.2/../../../../nios2-elf/lib\libc.a(lib_a-memcpy.o)
 .data          0x00016c64        0x0 c:/altera/12.0/nios2eds/bin/gnu/h-i686-mingw32/bin/../lib/gcc/nios2-elf/4.1.2/../../../../nios2-elf/lib\libc.a(lib_a-memmove.o)
 .data          0x00016c64        0x0 c:/altera/12.0/nios2eds/bin/gnu/h-i686-mingw32/bin/../lib/gcc/nios2-elf/4.1.2/../../../../nios2-elf/lib\libc.a(lib_a-putc.o)
 .data          0x00016c64        0x0 c:/altera/12.0/nios2eds/bin/gnu/h-i686-mingw32/bin/../lib/gcc/nios2-elf/4.1.2/../../../../nios2-elf/lib\libc.a(lib_a-reallocr.o)
 .data          0x00016c64        0x0 c:/altera/12.0/nios2eds/bin/gnu/h-i686-mingw32/bin/../lib/gcc/nios2-elf/4.1.2/../../../../nios2-elf/lib\libc.a(lib_a-sbrkr.o)
 .data          0x00016c64        0x0 c:/altera/12.0/nios2eds/bin/gnu/h-i686-mingw32/bin/../lib/gcc/nios2-elf/4.1.2/../../../../nios2-elf/lib\libc.a(lib_a-wbuf.o)
 .data          0x00016c64        0x0 c:/altera/12.0/nios2eds/bin/gnu/h-i686-mingw32/bin/../lib/gcc/nios2-elf/4.1.2/../../../../nios2-elf/lib\libc.a(lib_a-wsetup.o)
 .data          0x00016c64        0x0 c:/altera/12.0/nios2eds/bin/gnu/h-i686-mingw32/bin/../lib/gcc/nios2-elf/4.1.2/../../../../nios2-elf/lib\libc.a(lib_a-fflush.o)
 .data          0x00016c64        0x0 c:/altera/12.0/nios2eds/bin/gnu/h-i686-mingw32/bin/../lib/gcc/nios2-elf/4.1.2/../../../../nios2-elf/lib\libc.a(lib_a-findfp.o)
 .data          0x00016c64        0x0 c:/altera/12.0/nios2eds/bin/gnu/h-i686-mingw32/bin/../lib/gcc/nios2-elf/4.1.2/../../../../nios2-elf/lib\libc.a(lib_a-freer.o)
 .data          0x00016c64        0x0 c:/altera/12.0/nios2eds/bin/gnu/h-i686-mingw32/bin/../lib/gcc/nios2-elf/4.1.2/../../../../nios2-elf/lib\libc.a(lib_a-fwalk.o)
 .data          0x00016c64        0x0 c:/altera/12.0/nios2eds/bin/gnu/h-i686-mingw32/bin/../lib/gcc/nios2-elf/4.1.2/../../../../nios2-elf/lib\libc.a(lib_a-int_errno.o)
 .data          0x00016c64        0x0 c:/altera/12.0/nios2eds/bin/gnu/h-i686-mingw32/bin/../lib/gcc/nios2-elf/4.1.2/../../../../nios2-elf/lib\libc.a(lib_a-makebuf.o)
 .data          0x00016c64        0x0 c:/altera/12.0/nios2eds/bin/gnu/h-i686-mingw32/bin/../lib/gcc/nios2-elf/4.1.2/../../../../nios2-elf/lib\libc.a(lib_a-memset.o)
 .data          0x00016c64        0x0 c:/altera/12.0/nios2eds/bin/gnu/h-i686-mingw32/bin/../lib/gcc/nios2-elf/4.1.2/../../../../nios2-elf/lib\libc.a(lib_a-stdio.o)
 .data          0x00016c64        0x0 c:/altera/12.0/nios2eds/bin/gnu/h-i686-mingw32/bin/../lib/gcc/nios2-elf/4.1.2/../../../../nios2-elf/lib\libc.a(lib_a-writer.o)
 .data          0x00016c64        0x0 c:/altera/12.0/nios2eds/bin/gnu/h-i686-mingw32/bin/../lib/gcc/nios2-elf/4.1.2/../../../../nios2-elf/lib\libc.a(lib_a-closer.o)
 .data          0x00016c64        0x0 c:/altera/12.0/nios2eds/bin/gnu/h-i686-mingw32/bin/../lib/gcc/nios2-elf/4.1.2/../../../../nios2-elf/lib\libc.a(lib_a-fclose.o)
 .data          0x00016c64        0x0 c:/altera/12.0/nios2eds/bin/gnu/h-i686-mingw32/bin/../lib/gcc/nios2-elf/4.1.2/../../../../nios2-elf/lib\libc.a(lib_a-fstatr.o)
 .data          0x00016c64        0x0 c:/altera/12.0/nios2eds/bin/gnu/h-i686-mingw32/bin/../lib/gcc/nios2-elf/4.1.2/../../../../nios2-elf/lib\libc.a(lib_a-isattyr.o)
 .data          0x00016c64        0x0 c:/altera/12.0/nios2eds/bin/gnu/h-i686-mingw32/bin/../lib/gcc/nios2-elf/4.1.2/../../../../nios2-elf/lib\libc.a(lib_a-lseekr.o)
 .data          0x00016c64        0x0 c:/altera/12.0/nios2eds/bin/gnu/h-i686-mingw32/bin/../lib/gcc/nios2-elf/4.1.2/../../../../nios2-elf/lib\libc.a(lib_a-readr.o)
 .data          0x00016c64        0x0 ../tdee_bsp/\libhal_bsp.a(alt_close.o)
 .data          0x00016c64      0x1a8 ../tdee_bsp/\libhal_bsp.a(alt_dev.o)
                0x00016c64                alt_dev_null
                0x00016c8c                alt_fd_list
 .data          0x00016e0c        0x0 ../tdee_bsp/\libhal_bsp.a(alt_errno.o)
 .data          0x00016e0c        0x0 ../tdee_bsp/\libhal_bsp.a(alt_fstat.o)
 .data          0x00016e0c        0x0 ../tdee_bsp/\libhal_bsp.a(alt_isatty.o)
 .data          0x00016e0c        0x0 ../tdee_bsp/\libhal_bsp.a(alt_load.o)
 .data          0x00016e0c        0x0 ../tdee_bsp/\libhal_bsp.a(alt_lseek.o)
 .data          0x00016e0c        0x0 ../tdee_bsp/\libhal_bsp.a(alt_main.o)
 .data          0x00016e0c        0x0 ../tdee_bsp/\libhal_bsp.a(alt_malloc_lock.o)
 .data          0x00016e0c        0x0 ../tdee_bsp/\libhal_bsp.a(alt_read.o)
 .data          0x00016e0c        0x0 ../tdee_bsp/\libhal_bsp.a(alt_release_fd.o)
 .data          0x00016e0c        0x0 ../tdee_bsp/\libhal_bsp.a(alt_sbrk.o)
 .data          0x00016e0c        0x0 ../tdee_bsp/\libhal_bsp.a(alt_write.o)
 .data          0x00016e0c     0x1060 ../tdee_bsp/\libhal_bsp.a(alt_sys_init.o)
 .data          0x00017e6c        0x0 ../tdee_bsp/\libhal_bsp.a(altera_avalon_jtag_uart_fd.o)
 .data          0x00017e6c        0x0 ../tdee_bsp/\libhal_bsp.a(altera_avalon_jtag_uart_init.o)
 .data          0x00017e6c        0x0 ../tdee_bsp/\libhal_bsp.a(altera_avalon_jtag_uart_ioctl.o)
 .data          0x00017e6c        0x0 ../tdee_bsp/\libhal_bsp.a(altera_avalon_jtag_uart_read.o)
 .data          0x00017e6c        0x0 ../tdee_bsp/\libhal_bsp.a(altera_avalon_jtag_uart_write.o)
 .data          0x00017e6c        0x0 ../tdee_bsp/\libhal_bsp.a(alt_alarm_start.o)
 .data          0x00017e6c        0x0 ../tdee_bsp/\libhal_bsp.a(alt_dcache_flush_all.o)
 .data          0x00017e6c        0x0 ../tdee_bsp/\libhal_bsp.a(alt_dev_llist_insert.o)
 .data          0x00017e6c        0x0 ../tdee_bsp/\libhal_bsp.a(alt_do_ctors.o)
 .data          0x00017e6c        0x0 ../tdee_bsp/\libhal_bsp.a(alt_do_dtors.o)
 .data          0x00017e6c        0x0 ../tdee_bsp/\libhal_bsp.a(alt_icache_flush_all.o)
 .data          0x00017e6c        0x0 ../tdee_bsp/\libhal_bsp.a(alt_iic.o)
 .data          0x00017e6c        0x0 ../tdee_bsp/\libhal_bsp.a(alt_iic_isr_register.o)
 .data          0x00017e6c        0x0 ../tdee_bsp/\libhal_bsp.a(alt_io_redirect.o)
 .data          0x00017e6c        0x0 ../tdee_bsp/\libhal_bsp.a(alt_irq_entry.o)
 .data          0x00017e6c        0x0 ../tdee_bsp/\libhal_bsp.a(alt_irq_handler.o)
 .data          0x00017e6c        0x0 ../tdee_bsp/\libhal_bsp.a(alt_irq_vars.o)
 .data          0x00017e6c        0x0 ../tdee_bsp/\libhal_bsp.a(alt_open.o)
 .data          0x00017e6c        0x0 ../tdee_bsp/\libhal_bsp.a(alt_tick.o)
 .data          0x00017e6c        0x0 ../tdee_bsp/\libhal_bsp.a(altera_nios2_qsys_irq.o)
 .data          0x00017e6c        0x0 ../tdee_bsp/\libhal_bsp.a(alt_exception_entry.o)
 .data          0x00017e6c        0x0 ../tdee_bsp/\libhal_bsp.a(alt_find_dev.o)
 .data          0x00017e6c        0x0 ../tdee_bsp/\libhal_bsp.a(alt_find_file.o)
 .data          0x00017e6c        0x0 ../tdee_bsp/\libhal_bsp.a(alt_get_fd.o)
 .data          0x00017e6c        0x0 ../tdee_bsp/\libhal_bsp.a(alt_icache_flush.o)
 .data          0x00017e6c        0x0 c:/altera/12.0/nios2eds/bin/gnu/h-i686-mingw32/bin/../lib/gcc/nios2-elf/4.1.2/../../../../nios2-elf/lib\libc.a(lib_a-atexit.o)
 .data          0x00017e6c        0x0 c:/altera/12.0/nios2eds/bin/gnu/h-i686-mingw32/bin/../lib/gcc/nios2-elf/4.1.2/../../../../nios2-elf/lib\libc.a(lib_a-exit.o)
 .data          0x00017e6c        0x0 c:/altera/12.0/nios2eds/bin/gnu/h-i686-mingw32/bin/../lib/gcc/nios2-elf/4.1.2/../../../../nios2-elf/lib\libc.a(lib_a-memcmp.o)
 .data          0x00017e6c        0x0 c:/altera/12.0/nios2eds/bin/gnu/h-i686-mingw32/bin/../lib/gcc/nios2-elf/4.1.2/../../../../nios2-elf/lib\libc.a(lib_a-__atexit.o)
 .data          0x00017e6c        0x0 c:/altera/12.0/nios2eds/bin/gnu/h-i686-mingw32/bin/../lib/gcc/nios2-elf/4.1.2/../../../../nios2-elf/lib\libc.a(lib_a-__call_atexit.o)
 .data          0x00017e6c        0x0 ../tdee_bsp/\libhal_bsp.a(alt_exit.o)
                0x0001fe6c                _gp = ABSOLUTE ((. + 0x8000))
                0x0001fe6c                PROVIDE (gp, _gp)
 *(.rwdata .rwdata.*)
 *(.sdata .sdata.* .gnu.linkonce.s.*)
 .sdata         0x00017e6c        0x8 c:/altera/12.0/nios2eds/bin/gnu/h-i686-mingw32/bin/../lib/gcc/nios2-elf/4.1.2/../../../../nios2-elf/lib\libc.a(lib_a-impure.o)
                0x00017e6c                _impure_ptr
                0x00017e70                _global_impure_ptr
 .sdata         0x00017e74        0x8 c:/altera/12.0/nios2eds/bin/gnu/h-i686-mingw32/bin/../lib/gcc/nios2-elf/4.1.2/../../../../nios2-elf/lib\libc.a(lib_a-mallocr.o)
                0x00017e74                __malloc_trim_threshold
                0x00017e78                __malloc_sbrk_base
 .sdata         0x00017e7c       0x14 ../tdee_bsp/\libhal_bsp.a(alt_dev.o)
                0x00017e7c                alt_fs_list
                0x00017e84                alt_dev_list
                0x00017e8c                alt_max_fd
 .sdata         0x00017e90        0x4 ../tdee_bsp/\libhal_bsp.a(alt_errno.o)
                0x00017e90                alt_errno
 .sdata         0x00017e94        0x4 ../tdee_bsp/\libhal_bsp.a(alt_sbrk.o)
 .sdata         0x00017e98        0x4 ../tdee_bsp/\libhal_bsp.a(alt_irq_vars.o)
                0x00017e98                alt_priority_mask
 .sdata         0x00017e9c        0x8 ../tdee_bsp/\libhal_bsp.a(alt_tick.o)
                0x00017e9c                alt_alarm_list
 *(.sdata2 .sdata2.* .gnu.linkonce.s2.*)
                0x00017ea4                . = ALIGN (0x4)
                0x00017ea4                _edata = ABSOLUTE (.)
                0x00017ea4                PROVIDE (edata, ABSOLUTE (.))
                0x00017ea4                PROVIDE (__ram_rwdata_end, ABSOLUTE (.))
                0x00017ea4                PROVIDE (__flash_rwdata_start, LOADADDR (.rwdata))

.bss            0x000198ec      0x2e0
                0x000198ec                __bss_start = ABSOLUTE (.)
                0x000198ec                PROVIDE (__sbss_start, ABSOLUTE (.))
                0x000198ec                PROVIDE (___sbss_start, ABSOLUTE (.))
 *(.dynsbss)
 *(.sbss .sbss.* .gnu.linkonce.sb.*)
 .sbss          0x000198ec        0xc c:/altera/12.0/nios2eds/bin/gnu/h-i686-mingw32/bin/../lib/gcc/nios2-elf/4.1.2/../../../../nios2-elf/lib\libc.a(lib_a-mallocr.o)
                0x000198ec                __malloc_top_pad
                0x000198f0                __malloc_max_sbrked_mem
                0x000198f4                __malloc_max_total_mem
 .sbss          0x000198f8        0x4 c:/altera/12.0/nios2eds/bin/gnu/h-i686-mingw32/bin/../lib/gcc/nios2-elf/4.1.2/../../../../nios2-elf/lib\libc.a(lib_a-int_errno.o)
                0x000198f8                errno
 .sbss          0x000198fc        0xc ../tdee_bsp/\libhal_bsp.a(alt_main.o)
                0x000198fc                alt_argc
                0x00019900                alt_argv
                0x00019904                alt_envp
 .sbss          0x00019908        0x4 ../tdee_bsp/\libhal_bsp.a(alt_irq_vars.o)
                0x00019908                alt_irq_active
 .sbss          0x0001990c        0x8 ../tdee_bsp/\libhal_bsp.a(alt_tick.o)
                0x0001990c                _alt_tick_rate
                0x00019910                _alt_nticks
 *(.sbss2 .sbss2.* .gnu.linkonce.sb2.*)
 *(.scommon)
                0x00019914                PROVIDE (__sbss_end, ABSOLUTE (.))
                0x00019914                PROVIDE (___sbss_end, ABSOLUTE (.))
 *(.dynbss)
 *(.bss .bss.* .gnu.linkonce.b.*)
 .bss           0x00019914        0x0 ../tdee_bsp//obj/HAL/src/crt0.o
 .bss           0x00019914        0x0 obj/default/hello_world.o
 .bss           0x00019914        0x0 c:/altera/12.0/nios2eds/bin/gnu/h-i686-mingw32/bin/../lib/gcc/nios2-elf/4.1.2\libgcc.a(lib2-divmod.o)
 .bss           0x00019914        0x0 c:/altera/12.0/nios2eds/bin/gnu/h-i686-mingw32/bin/../lib/gcc/nios2-elf/4.1.2/../../../../nios2-elf/lib\libc.a(lib_a-putchar.o)
 .bss           0x00019914        0x0 c:/altera/12.0/nios2eds/bin/gnu/h-i686-mingw32/bin/../lib/gcc/nios2-elf/4.1.2/../../../../nios2-elf/lib\libc.a(lib_a-puts.o)
 .bss           0x00019914        0x0 c:/altera/12.0/nios2eds/bin/gnu/h-i686-mingw32/bin/../lib/gcc/nios2-elf/4.1.2/../../../../nios2-elf/lib\libc.a(lib_a-strlen.o)
 .bss           0x00019914        0x0 c:/altera/12.0/nios2eds/bin/gnu/h-i686-mingw32/bin/../lib/gcc/nios2-elf/4.1.2/../../../../nios2-elf/lib\libc.a(lib_a-fvwrite.o)
 .bss           0x00019914        0x0 c:/altera/12.0/nios2eds/bin/gnu/h-i686-mingw32/bin/../lib/gcc/nios2-elf/4.1.2/../../../../nios2-elf/lib\libc.a(lib_a-impure.o)
 .bss           0x00019914       0x28 c:/altera/12.0/nios2eds/bin/gnu/h-i686-mingw32/bin/../lib/gcc/nios2-elf/4.1.2/../../../../nios2-elf/lib\libc.a(lib_a-mallocr.o)
                0x00019914                __malloc_current_mallinfo
 .bss           0x0001993c        0x0 c:/altera/12.0/nios2eds/bin/gnu/h-i686-mingw32/bin/../lib/gcc/nios2-elf/4.1.2/../../../../nios2-elf/lib\libc.a(lib_a-memchr.o)
 .bss           0x0001993c        0x0 c:/altera/12.0/nios2eds/bin/gnu/h-i686-mingw32/bin/../lib/gcc/nios2-elf/4.1.2/../../../../nios2-elf/lib\libc.a(lib_a-memcpy.o)
 .bss           0x0001993c        0x0 c:/altera/12.0/nios2eds/bin/gnu/h-i686-mingw32/bin/../lib/gcc/nios2-elf/4.1.2/../../../../nios2-elf/lib\libc.a(lib_a-memmove.o)
 .bss           0x0001993c        0x0 c:/altera/12.0/nios2eds/bin/gnu/h-i686-mingw32/bin/../lib/gcc/nios2-elf/4.1.2/../../../../nios2-elf/lib\libc.a(lib_a-putc.o)
 .bss           0x0001993c        0x0 c:/altera/12.0/nios2eds/bin/gnu/h-i686-mingw32/bin/../lib/gcc/nios2-elf/4.1.2/../../../../nios2-elf/lib\libc.a(lib_a-reallocr.o)
 .bss           0x0001993c        0x0 c:/altera/12.0/nios2eds/bin/gnu/h-i686-mingw32/bin/../lib/gcc/nios2-elf/4.1.2/../../../../nios2-elf/lib\libc.a(lib_a-sbrkr.o)
 .bss           0x0001993c        0x0 c:/altera/12.0/nios2eds/bin/gnu/h-i686-mingw32/bin/../lib/gcc/nios2-elf/4.1.2/../../../../nios2-elf/lib\libc.a(lib_a-wbuf.o)
 .bss           0x0001993c        0x0 c:/altera/12.0/nios2eds/bin/gnu/h-i686-mingw32/bin/../lib/gcc/nios2-elf/4.1.2/../../../../nios2-elf/lib\libc.a(lib_a-wsetup.o)
 .bss           0x0001993c        0x0 c:/altera/12.0/nios2eds/bin/gnu/h-i686-mingw32/bin/../lib/gcc/nios2-elf/4.1.2/../../../../nios2-elf/lib\libc.a(lib_a-fflush.o)
 .bss           0x0001993c        0x0 c:/altera/12.0/nios2eds/bin/gnu/h-i686-mingw32/bin/../lib/gcc/nios2-elf/4.1.2/../../../../nios2-elf/lib\libc.a(lib_a-findfp.o)
 .bss           0x0001993c        0x0 c:/altera/12.0/nios2eds/bin/gnu/h-i686-mingw32/bin/../lib/gcc/nios2-elf/4.1.2/../../../../nios2-elf/lib\libc.a(lib_a-freer.o)
 .bss           0x0001993c        0x0 c:/altera/12.0/nios2eds/bin/gnu/h-i686-mingw32/bin/../lib/gcc/nios2-elf/4.1.2/../../../../nios2-elf/lib\libc.a(lib_a-fwalk.o)
 .bss           0x0001993c        0x0 c:/altera/12.0/nios2eds/bin/gnu/h-i686-mingw32/bin/../lib/gcc/nios2-elf/4.1.2/../../../../nios2-elf/lib\libc.a(lib_a-int_errno.o)
 .bss           0x0001993c        0x0 c:/altera/12.0/nios2eds/bin/gnu/h-i686-mingw32/bin/../lib/gcc/nios2-elf/4.1.2/../../../../nios2-elf/lib\libc.a(lib_a-makebuf.o)
 .bss           0x0001993c        0x0 c:/altera/12.0/nios2eds/bin/gnu/h-i686-mingw32/bin/../lib/gcc/nios2-elf/4.1.2/../../../../nios2-elf/lib\libc.a(lib_a-memset.o)
 .bss           0x0001993c        0x0 c:/altera/12.0/nios2eds/bin/gnu/h-i686-mingw32/bin/../lib/gcc/nios2-elf/4.1.2/../../../../nios2-elf/lib\libc.a(lib_a-stdio.o)
 .bss           0x0001993c        0x0 c:/altera/12.0/nios2eds/bin/gnu/h-i686-mingw32/bin/../lib/gcc/nios2-elf/4.1.2/../../../../nios2-elf/lib\libc.a(lib_a-writer.o)
 .bss           0x0001993c        0x0 c:/altera/12.0/nios2eds/bin/gnu/h-i686-mingw32/bin/../lib/gcc/nios2-elf/4.1.2/../../../../nios2-elf/lib\libc.a(lib_a-closer.o)
 .bss           0x0001993c        0x0 c:/altera/12.0/nios2eds/bin/gnu/h-i686-mingw32/bin/../lib/gcc/nios2-elf/4.1.2/../../../../nios2-elf/lib\libc.a(lib_a-fclose.o)
 .bss           0x0001993c        0x0 c:/altera/12.0/nios2eds/bin/gnu/h-i686-mingw32/bin/../lib/gcc/nios2-elf/4.1.2/../../../../nios2-elf/lib\libc.a(lib_a-fstatr.o)
 .bss           0x0001993c        0x0 c:/altera/12.0/nios2eds/bin/gnu/h-i686-mingw32/bin/../lib/gcc/nios2-elf/4.1.2/../../../../nios2-elf/lib\libc.a(lib_a-isattyr.o)
 .bss           0x0001993c        0x0 c:/altera/12.0/nios2eds/bin/gnu/h-i686-mingw32/bin/../lib/gcc/nios2-elf/4.1.2/../../../../nios2-elf/lib\libc.a(lib_a-lseekr.o)
 .bss           0x0001993c        0x0 c:/altera/12.0/nios2eds/bin/gnu/h-i686-mingw32/bin/../lib/gcc/nios2-elf/4.1.2/../../../../nios2-elf/lib\libc.a(lib_a-readr.o)
 .bss           0x0001993c        0x0 ../tdee_bsp/\libhal_bsp.a(alt_close.o)
 .bss           0x0001993c        0x0 ../tdee_bsp/\libhal_bsp.a(alt_dev.o)
 .bss           0x0001993c        0x0 ../tdee_bsp/\libhal_bsp.a(alt_errno.o)
 .bss           0x0001993c        0x0 ../tdee_bsp/\libhal_bsp.a(alt_fstat.o)
 .bss           0x0001993c        0x0 ../tdee_bsp/\libhal_bsp.a(alt_isatty.o)
 .bss           0x0001993c        0x0 ../tdee_bsp/\libhal_bsp.a(alt_load.o)
 .bss           0x0001993c        0x0 ../tdee_bsp/\libhal_bsp.a(alt_lseek.o)
 .bss           0x0001993c        0x0 ../tdee_bsp/\libhal_bsp.a(alt_main.o)
 .bss           0x0001993c        0x0 ../tdee_bsp/\libhal_bsp.a(alt_malloc_lock.o)
 .bss           0x0001993c        0x0 ../tdee_bsp/\libhal_bsp.a(alt_read.o)
 .bss           0x0001993c        0x0 ../tdee_bsp/\libhal_bsp.a(alt_release_fd.o)
 .bss           0x0001993c        0x0 ../tdee_bsp/\libhal_bsp.a(alt_sbrk.o)
 .bss           0x0001993c        0x0 ../tdee_bsp/\libhal_bsp.a(alt_write.o)
 .bss           0x0001993c        0x0 ../tdee_bsp/\libhal_bsp.a(alt_sys_init.o)
 .bss           0x0001993c        0x0 ../tdee_bsp/\libhal_bsp.a(altera_avalon_jtag_uart_fd.o)
 .bss           0x0001993c        0x0 ../tdee_bsp/\libhal_bsp.a(altera_avalon_jtag_uart_init.o)
 .bss           0x0001993c        0x0 ../tdee_bsp/\libhal_bsp.a(altera_avalon_jtag_uart_ioctl.o)
 .bss           0x0001993c        0x0 ../tdee_bsp/\libhal_bsp.a(altera_avalon_jtag_uart_read.o)
 .bss           0x0001993c        0x0 ../tdee_bsp/\libhal_bsp.a(altera_avalon_jtag_uart_write.o)
 .bss           0x0001993c        0x0 ../tdee_bsp/\libhal_bsp.a(alt_alarm_start.o)
 .bss           0x0001993c        0x0 ../tdee_bsp/\libhal_bsp.a(alt_dcache_flush_all.o)
 .bss           0x0001993c        0x0 ../tdee_bsp/\libhal_bsp.a(alt_dev_llist_insert.o)
 .bss           0x0001993c        0x0 ../tdee_bsp/\libhal_bsp.a(alt_do_ctors.o)
 .bss           0x0001993c        0x0 ../tdee_bsp/\libhal_bsp.a(alt_do_dtors.o)
 .bss           0x0001993c        0x0 ../tdee_bsp/\libhal_bsp.a(alt_icache_flush_all.o)
 .bss           0x0001993c        0x0 ../tdee_bsp/\libhal_bsp.a(alt_iic.o)
 .bss           0x0001993c        0x0 ../tdee_bsp/\libhal_bsp.a(alt_iic_isr_register.o)
 .bss           0x0001993c        0x0 ../tdee_bsp/\libhal_bsp.a(alt_io_redirect.o)
 .bss           0x0001993c        0x0 ../tdee_bsp/\libhal_bsp.a(alt_irq_entry.o)
 .bss           0x0001993c        0x0 ../tdee_bsp/\libhal_bsp.a(alt_irq_handler.o)
 .bss           0x0001993c        0x0 ../tdee_bsp/\libhal_bsp.a(alt_irq_vars.o)
 .bss           0x0001993c        0x0 ../tdee_bsp/\libhal_bsp.a(alt_open.o)
 .bss           0x0001993c        0x0 ../tdee_bsp/\libhal_bsp.a(alt_tick.o)
 .bss           0x0001993c        0x0 ../tdee_bsp/\libhal_bsp.a(altera_nios2_qsys_irq.o)
 .bss           0x0001993c        0x0 ../tdee_bsp/\libhal_bsp.a(alt_exception_entry.o)
 .bss           0x0001993c        0x0 ../tdee_bsp/\libhal_bsp.a(alt_find_dev.o)
 .bss           0x0001993c        0x0 ../tdee_bsp/\libhal_bsp.a(alt_find_file.o)
 .bss           0x0001993c        0x0 ../tdee_bsp/\libhal_bsp.a(alt_get_fd.o)
 .bss           0x0001993c        0x0 ../tdee_bsp/\libhal_bsp.a(alt_icache_flush.o)
 .bss           0x0001993c        0x0 c:/altera/12.0/nios2eds/bin/gnu/h-i686-mingw32/bin/../lib/gcc/nios2-elf/4.1.2/../../../../nios2-elf/lib\libc.a(lib_a-atexit.o)
 .bss           0x0001993c        0x0 c:/altera/12.0/nios2eds/bin/gnu/h-i686-mingw32/bin/../lib/gcc/nios2-elf/4.1.2/../../../../nios2-elf/lib\libc.a(lib_a-exit.o)
 .bss           0x0001993c        0x0 c:/altera/12.0/nios2eds/bin/gnu/h-i686-mingw32/bin/../lib/gcc/nios2-elf/4.1.2/../../../../nios2-elf/lib\libc.a(lib_a-memcmp.o)
 .bss           0x0001993c        0x0 c:/altera/12.0/nios2eds/bin/gnu/h-i686-mingw32/bin/../lib/gcc/nios2-elf/4.1.2/../../../../nios2-elf/lib\libc.a(lib_a-__atexit.o)
 .bss           0x0001993c        0x0 c:/altera/12.0/nios2eds/bin/gnu/h-i686-mingw32/bin/../lib/gcc/nios2-elf/4.1.2/../../../../nios2-elf/lib\libc.a(lib_a-__call_atexit.o)
 .bss           0x0001993c        0x0 ../tdee_bsp/\libhal_bsp.a(alt_exit.o)
 *(COMMON)
 COMMON         0x0001993c      0x100 ../tdee_bsp/\libhal_bsp.a(alt_irq_handler.o)
                0x0001993c                alt_irq
 COMMON         0x00019a3c      0x190 c:/altera/12.0/nios2eds/bin/gnu/h-i686-mingw32/bin/../lib/gcc/nios2-elf/4.1.2/../../../../nios2-elf/lib\libc.a(lib_a-atexit.o)
                0x00019a3c                _atexit0
                0x00019bcc                . = ALIGN (0x4)
                0x00019bcc                __bss_end = ABSOLUTE (.)

.onchip_memory2_0
                0x00019bcc        0x0
                0x00019bcc                PROVIDE (_alt_partition_onchip_memory2_0_start, ABSOLUTE (.))
 *(.onchip_memory2_0. onchip_memory2_0.*)
                0x00019bcc                . = ALIGN (0x4)
                0x00019bcc                PROVIDE (_alt_partition_onchip_memory2_0_end, ABSOLUTE (.))
                0x00019bcc                _end = ABSOLUTE (.)
                0x00019bcc                end = ABSOLUTE (.)
                0x00019bcc                __alt_stack_base = ABSOLUTE (.)
                0x00019bcc                PROVIDE (_alt_partition_onchip_memory2_0_load_addr, LOADADDR (.onchip_memory2_0))

.stab
 *(.stab)

.stabstr
 *(.stabstr)

.stab.excl
 *(.stab.excl)

.stab.exclstr
 *(.stab.exclstr)

.stab.index
 *(.stab.index)

.stab.indexstr
 *(.stab.indexstr)

.comment        0x00000000       0x23
 *(.comment)
 .comment       0x00000000       0x23 obj/default/hello_world.o
                                 0x24 (size before relaxing)
 .comment       0x00000000       0x24 c:/altera/12.0/nios2eds/bin/gnu/h-i686-mingw32/bin/../lib/gcc/nios2-elf/4.1.2\libgcc.a(lib2-divmod.o)
 .comment       0x00000000       0x24 c:/altera/12.0/nios2eds/bin/gnu/h-i686-mingw32/bin/../lib/gcc/nios2-elf/4.1.2/../../../../nios2-elf/lib\libc.a(lib_a-putchar.o)
 .comment       0x00000000       0x24 c:/altera/12.0/nios2eds/bin/gnu/h-i686-mingw32/bin/../lib/gcc/nios2-elf/4.1.2/../../../../nios2-elf/lib\libc.a(lib_a-puts.o)
 .comment       0x00000000       0x24 c:/altera/12.0/nios2eds/bin/gnu/h-i686-mingw32/bin/../lib/gcc/nios2-elf/4.1.2/../../../../nios2-elf/lib\libc.a(lib_a-strlen.o)
 .comment       0x00000000       0x24 c:/altera/12.0/nios2eds/bin/gnu/h-i686-mingw32/bin/../lib/gcc/nios2-elf/4.1.2/../../../../nios2-elf/lib\libc.a(lib_a-fvwrite.o)
 .comment       0x00000000       0x24 c:/altera/12.0/nios2eds/bin/gnu/h-i686-mingw32/bin/../lib/gcc/nios2-elf/4.1.2/../../../../nios2-elf/lib\libc.a(lib_a-impure.o)
 .comment       0x00000000       0x24 c:/altera/12.0/nios2eds/bin/gnu/h-i686-mingw32/bin/../lib/gcc/nios2-elf/4.1.2/../../../../nios2-elf/lib\libc.a(lib_a-mallocr.o)
 .comment       0x00000000       0x24 c:/altera/12.0/nios2eds/bin/gnu/h-i686-mingw32/bin/../lib/gcc/nios2-elf/4.1.2/../../../../nios2-elf/lib\libc.a(lib_a-memchr.o)
 .comment       0x00000000       0x24 c:/altera/12.0/nios2eds/bin/gnu/h-i686-mingw32/bin/../lib/gcc/nios2-elf/4.1.2/../../../../nios2-elf/lib\libc.a(lib_a-memcpy.o)
 .comment       0x00000000       0x24 c:/altera/12.0/nios2eds/bin/gnu/h-i686-mingw32/bin/../lib/gcc/nios2-elf/4.1.2/../../../../nios2-elf/lib\libc.a(lib_a-memmove.o)
 .comment       0x00000000       0x24 c:/altera/12.0/nios2eds/bin/gnu/h-i686-mingw32/bin/../lib/gcc/nios2-elf/4.1.2/../../../../nios2-elf/lib\libc.a(lib_a-putc.o)
 .comment       0x00000000       0x24 c:/altera/12.0/nios2eds/bin/gnu/h-i686-mingw32/bin/../lib/gcc/nios2-elf/4.1.2/../../../../nios2-elf/lib\libc.a(lib_a-reallocr.o)
 .comment       0x00000000       0x24 c:/altera/12.0/nios2eds/bin/gnu/h-i686-mingw32/bin/../lib/gcc/nios2-elf/4.1.2/../../../../nios2-elf/lib\libc.a(lib_a-sbrkr.o)
 .comment       0x00000000       0x24 c:/altera/12.0/nios2eds/bin/gnu/h-i686-mingw32/bin/../lib/gcc/nios2-elf/4.1.2/../../../../nios2-elf/lib\libc.a(lib_a-wbuf.o)
 .comment       0x00000000       0x24 c:/altera/12.0/nios2eds/bin/gnu/h-i686-mingw32/bin/../lib/gcc/nios2-elf/4.1.2/../../../../nios2-elf/lib\libc.a(lib_a-wsetup.o)
 .comment       0x00000000       0x24 c:/altera/12.0/nios2eds/bin/gnu/h-i686-mingw32/bin/../lib/gcc/nios2-elf/4.1.2/../../../../nios2-elf/lib\libc.a(lib_a-fflush.o)
 .comment       0x00000000       0x24 c:/altera/12.0/nios2eds/bin/gnu/h-i686-mingw32/bin/../lib/gcc/nios2-elf/4.1.2/../../../../nios2-elf/lib\libc.a(lib_a-findfp.o)
 .comment       0x00000000       0x24 c:/altera/12.0/nios2eds/bin/gnu/h-i686-mingw32/bin/../lib/gcc/nios2-elf/4.1.2/../../../../nios2-elf/lib\libc.a(lib_a-freer.o)
 .comment       0x00000000       0x24 c:/altera/12.0/nios2eds/bin/gnu/h-i686-mingw32/bin/../lib/gcc/nios2-elf/4.1.2/../../../../nios2-elf/lib\libc.a(lib_a-fwalk.o)
 .comment       0x00000000       0x24 c:/altera/12.0/nios2eds/bin/gnu/h-i686-mingw32/bin/../lib/gcc/nios2-elf/4.1.2/../../../../nios2-elf/lib\libc.a(lib_a-int_errno.o)
 .comment       0x00000000       0x24 c:/altera/12.0/nios2eds/bin/gnu/h-i686-mingw32/bin/../lib/gcc/nios2-elf/4.1.2/../../../../nios2-elf/lib\libc.a(lib_a-makebuf.o)
 .comment       0x00000000       0x24 c:/altera/12.0/nios2eds/bin/gnu/h-i686-mingw32/bin/../lib/gcc/nios2-elf/4.1.2/../../../../nios2-elf/lib\libc.a(lib_a-memset.o)
 .comment       0x00000000       0x24 c:/altera/12.0/nios2eds/bin/gnu/h-i686-mingw32/bin/../lib/gcc/nios2-elf/4.1.2/../../../../nios2-elf/lib\libc.a(lib_a-stdio.o)
 .comment       0x00000000       0x24 c:/altera/12.0/nios2eds/bin/gnu/h-i686-mingw32/bin/../lib/gcc/nios2-elf/4.1.2/../../../../nios2-elf/lib\libc.a(lib_a-writer.o)
 .comment       0x00000000       0x24 c:/altera/12.0/nios2eds/bin/gnu/h-i686-mingw32/bin/../lib/gcc/nios2-elf/4.1.2/../../../../nios2-elf/lib\libc.a(lib_a-closer.o)
 .comment       0x00000000       0x24 c:/altera/12.0/nios2eds/bin/gnu/h-i686-mingw32/bin/../lib/gcc/nios2-elf/4.1.2/../../../../nios2-elf/lib\libc.a(lib_a-fclose.o)
 .comment       0x00000000       0x24 c:/altera/12.0/nios2eds/bin/gnu/h-i686-mingw32/bin/../lib/gcc/nios2-elf/4.1.2/../../../../nios2-elf/lib\libc.a(lib_a-fstatr.o)
 .comment       0x00000000       0x24 c:/altera/12.0/nios2eds/bin/gnu/h-i686-mingw32/bin/../lib/gcc/nios2-elf/4.1.2/../../../../nios2-elf/lib\libc.a(lib_a-isattyr.o)
 .comment       0x00000000       0x24 c:/altera/12.0/nios2eds/bin/gnu/h-i686-mingw32/bin/../lib/gcc/nios2-elf/4.1.2/../../../../nios2-elf/lib\libc.a(lib_a-lseekr.o)
 .comment       0x00000000       0x24 c:/altera/12.0/nios2eds/bin/gnu/h-i686-mingw32/bin/../lib/gcc/nios2-elf/4.1.2/../../../../nios2-elf/lib\libc.a(lib_a-readr.o)
 .comment       0x00000000       0x24 ../tdee_bsp/\libhal_bsp.a(alt_close.o)
 .comment       0x00000000       0x24 ../tdee_bsp/\libhal_bsp.a(alt_dev.o)
 .comment       0x00000000       0x24 ../tdee_bsp/\libhal_bsp.a(alt_errno.o)
 .comment       0x00000000       0x24 ../tdee_bsp/\libhal_bsp.a(alt_fstat.o)
 .comment       0x00000000       0x24 ../tdee_bsp/\libhal_bsp.a(alt_isatty.o)
 .comment       0x00000000       0x24 ../tdee_bsp/\libhal_bsp.a(alt_load.o)
 .comment       0x00000000       0x24 ../tdee_bsp/\libhal_bsp.a(alt_lseek.o)
 .comment       0x00000000       0x24 ../tdee_bsp/\libhal_bsp.a(alt_main.o)
 .comment       0x00000000       0x24 ../tdee_bsp/\libhal_bsp.a(alt_malloc_lock.o)
 .comment       0x00000000       0x24 ../tdee_bsp/\libhal_bsp.a(alt_read.o)
 .comment       0x00000000       0x24 ../tdee_bsp/\libhal_bsp.a(alt_release_fd.o)
 .comment       0x00000000       0x24 ../tdee_bsp/\libhal_bsp.a(alt_sbrk.o)
 .comment       0x00000000       0x24 ../tdee_bsp/\libhal_bsp.a(alt_write.o)
 .comment       0x00000000       0x24 ../tdee_bsp/\libhal_bsp.a(alt_sys_init.o)
 .comment       0x00000000       0x24 ../tdee_bsp/\libhal_bsp.a(altera_avalon_jtag_uart_fd.o)
 .comment       0x00000000       0x24 ../tdee_bsp/\libhal_bsp.a(altera_avalon_jtag_uart_init.o)
 .comment       0x00000000       0x24 ../tdee_bsp/\libhal_bsp.a(altera_avalon_jtag_uart_ioctl.o)
 .comment       0x00000000       0x24 ../tdee_bsp/\libhal_bsp.a(altera_avalon_jtag_uart_read.o)
 .comment       0x00000000       0x24 ../tdee_bsp/\libhal_bsp.a(altera_avalon_jtag_uart_write.o)
 .comment       0x00000000       0x24 ../tdee_bsp/\libhal_bsp.a(alt_alarm_start.o)
 .comment       0x00000000       0x24 ../tdee_bsp/\libhal_bsp.a(alt_dcache_flush_all.o)
 .comment       0x00000000       0x24 ../tdee_bsp/\libhal_bsp.a(alt_dev_llist_insert.o)
 .comment       0x00000000       0x24 ../tdee_bsp/\libhal_bsp.a(alt_do_ctors.o)
 .comment       0x00000000       0x24 ../tdee_bsp/\libhal_bsp.a(alt_do_dtors.o)
 .comment       0x00000000       0x24 ../tdee_bsp/\libhal_bsp.a(alt_icache_flush_all.o)
 .comment       0x00000000       0x24 ../tdee_bsp/\libhal_bsp.a(alt_iic.o)
 .comment       0x00000000       0x24 ../tdee_bsp/\libhal_bsp.a(alt_iic_isr_register.o)
 .comment       0x00000000       0x24 ../tdee_bsp/\libhal_bsp.a(alt_io_redirect.o)
 .comment       0x00000000       0x24 ../tdee_bsp/\libhal_bsp.a(alt_irq_handler.o)
 .comment       0x00000000       0x24 ../tdee_bsp/\libhal_bsp.a(alt_irq_vars.o)
 .comment       0x00000000       0x24 ../tdee_bsp/\libhal_bsp.a(alt_open.o)
 .comment       0x00000000       0x24 ../tdee_bsp/\libhal_bsp.a(alt_tick.o)
 .comment       0x00000000       0x24 ../tdee_bsp/\libhal_bsp.a(altera_nios2_qsys_irq.o)
 .comment       0x00000000       0x24 ../tdee_bsp/\libhal_bsp.a(alt_find_dev.o)
 .comment       0x00000000       0x24 ../tdee_bsp/\libhal_bsp.a(alt_find_file.o)
 .comment       0x00000000       0x24 ../tdee_bsp/\libhal_bsp.a(alt_get_fd.o)
 .comment       0x00000000       0x24 ../tdee_bsp/\libhal_bsp.a(alt_icache_flush.o)
 .comment       0x00000000       0x24 c:/altera/12.0/nios2eds/bin/gnu/h-i686-mingw32/bin/../lib/gcc/nios2-elf/4.1.2/../../../../nios2-elf/lib\libc.a(lib_a-atexit.o)
 .comment       0x00000000       0x24 c:/altera/12.0/nios2eds/bin/gnu/h-i686-mingw32/bin/../lib/gcc/nios2-elf/4.1.2/../../../../nios2-elf/lib\libc.a(lib_a-exit.o)
 .comment       0x00000000       0x24 c:/altera/12.0/nios2eds/bin/gnu/h-i686-mingw32/bin/../lib/gcc/nios2-elf/4.1.2/../../../../nios2-elf/lib\libc.a(lib_a-memcmp.o)
 .comment       0x00000000       0x24 c:/altera/12.0/nios2eds/bin/gnu/h-i686-mingw32/bin/../lib/gcc/nios2-elf/4.1.2/../../../../nios2-elf/lib\libc.a(lib_a-__atexit.o)
 .comment       0x00000000       0x24 c:/altera/12.0/nios2eds/bin/gnu/h-i686-mingw32/bin/../lib/gcc/nios2-elf/4.1.2/../../../../nios2-elf/lib\libc.a(lib_a-__call_atexit.o)
 .comment       0x00000000       0x24 ../tdee_bsp/\libhal_bsp.a(alt_exit.o)

.debug
 *(.debug)

.line
 *(.line)

.debug_srcinfo
 *(.debug_srcinfo)

.debug_sfnames
 *(.debug_sfnames)

.debug_aranges  0x00000000      0x958
 *(.debug_aranges)
 .debug_aranges
                0x00000000       0x28 ../tdee_bsp//obj/HAL/src/crt0.o
 .debug_aranges
                0x00000028       0x20 obj/default/hello_world.o
 .debug_aranges
                0x00000048       0x20 c:/altera/12.0/nios2eds/bin/gnu/h-i686-mingw32/bin/../lib/gcc/nios2-elf/4.1.2\libgcc.a(lib2-divmod.o)
 .debug_aranges
                0x00000068       0x20 c:/altera/12.0/nios2eds/bin/gnu/h-i686-mingw32/bin/../lib/gcc/nios2-elf/4.1.2/../../../../nios2-elf/lib\libc.a(lib_a-putchar.o)
 .debug_aranges
                0x00000088       0x20 c:/altera/12.0/nios2eds/bin/gnu/h-i686-mingw32/bin/../lib/gcc/nios2-elf/4.1.2/../../../../nios2-elf/lib\libc.a(lib_a-puts.o)
 .debug_aranges
                0x000000a8       0x20 c:/altera/12.0/nios2eds/bin/gnu/h-i686-mingw32/bin/../lib/gcc/nios2-elf/4.1.2/../../../../nios2-elf/lib\libc.a(lib_a-strlen.o)
 .debug_aranges
                0x000000c8       0x20 c:/altera/12.0/nios2eds/bin/gnu/h-i686-mingw32/bin/../lib/gcc/nios2-elf/4.1.2/../../../../nios2-elf/lib\libc.a(lib_a-fvwrite.o)
 .debug_aranges
                0x000000e8       0x20 c:/altera/12.0/nios2eds/bin/gnu/h-i686-mingw32/bin/../lib/gcc/nios2-elf/4.1.2/../../../../nios2-elf/lib\libc.a(lib_a-mallocr.o)
 .debug_aranges
                0x00000108       0x20 c:/altera/12.0/nios2eds/bin/gnu/h-i686-mingw32/bin/../lib/gcc/nios2-elf/4.1.2/../../../../nios2-elf/lib\libc.a(lib_a-memchr.o)
 .debug_aranges
                0x00000128       0x20 c:/altera/12.0/nios2eds/bin/gnu/h-i686-mingw32/bin/../lib/gcc/nios2-elf/4.1.2/../../../../nios2-elf/lib\libc.a(lib_a-memcpy.o)
 .debug_aranges
                0x00000148       0x20 c:/altera/12.0/nios2eds/bin/gnu/h-i686-mingw32/bin/../lib/gcc/nios2-elf/4.1.2/../../../../nios2-elf/lib\libc.a(lib_a-memmove.o)
 .debug_aranges
                0x00000168       0x20 c:/altera/12.0/nios2eds/bin/gnu/h-i686-mingw32/bin/../lib/gcc/nios2-elf/4.1.2/../../../../nios2-elf/lib\libc.a(lib_a-putc.o)
 .debug_aranges
                0x00000188       0x20 c:/altera/12.0/nios2eds/bin/gnu/h-i686-mingw32/bin/../lib/gcc/nios2-elf/4.1.2/../../../../nios2-elf/lib\libc.a(lib_a-reallocr.o)
 .debug_aranges
                0x000001a8       0x20 c:/altera/12.0/nios2eds/bin/gnu/h-i686-mingw32/bin/../lib/gcc/nios2-elf/4.1.2/../../../../nios2-elf/lib\libc.a(lib_a-sbrkr.o)
 .debug_aranges
                0x000001c8       0x20 c:/altera/12.0/nios2eds/bin/gnu/h-i686-mingw32/bin/../lib/gcc/nios2-elf/4.1.2/../../../../nios2-elf/lib\libc.a(lib_a-wbuf.o)
 .debug_aranges
                0x000001e8       0x20 c:/altera/12.0/nios2eds/bin/gnu/h-i686-mingw32/bin/../lib/gcc/nios2-elf/4.1.2/../../../../nios2-elf/lib\libc.a(lib_a-wsetup.o)
 .debug_aranges
                0x00000208       0x20 c:/altera/12.0/nios2eds/bin/gnu/h-i686-mingw32/bin/../lib/gcc/nios2-elf/4.1.2/../../../../nios2-elf/lib\libc.a(lib_a-fflush.o)
 .debug_aranges
                0x00000228       0x20 c:/altera/12.0/nios2eds/bin/gnu/h-i686-mingw32/bin/../lib/gcc/nios2-elf/4.1.2/../../../../nios2-elf/lib\libc.a(lib_a-findfp.o)
 .debug_aranges
                0x00000248       0x20 c:/altera/12.0/nios2eds/bin/gnu/h-i686-mingw32/bin/../lib/gcc/nios2-elf/4.1.2/../../../../nios2-elf/lib\libc.a(lib_a-freer.o)
 .debug_aranges
                0x00000268       0x20 c:/altera/12.0/nios2eds/bin/gnu/h-i686-mingw32/bin/../lib/gcc/nios2-elf/4.1.2/../../../../nios2-elf/lib\libc.a(lib_a-fwalk.o)
 .debug_aranges
                0x00000288       0x20 c:/altera/12.0/nios2eds/bin/gnu/h-i686-mingw32/bin/../lib/gcc/nios2-elf/4.1.2/../../../../nios2-elf/lib\libc.a(lib_a-makebuf.o)
 .debug_aranges
                0x000002a8       0x20 c:/altera/12.0/nios2eds/bin/gnu/h-i686-mingw32/bin/../lib/gcc/nios2-elf/4.1.2/../../../../nios2-elf/lib\libc.a(lib_a-memset.o)
 .debug_aranges
                0x000002c8       0x20 c:/altera/12.0/nios2eds/bin/gnu/h-i686-mingw32/bin/../lib/gcc/nios2-elf/4.1.2/../../../../nios2-elf/lib\libc.a(lib_a-stdio.o)
 .debug_aranges
                0x000002e8       0x20 c:/altera/12.0/nios2eds/bin/gnu/h-i686-mingw32/bin/../lib/gcc/nios2-elf/4.1.2/../../../../nios2-elf/lib\libc.a(lib_a-writer.o)
 .debug_aranges
                0x00000308       0x20 c:/altera/12.0/nios2eds/bin/gnu/h-i686-mingw32/bin/../lib/gcc/nios2-elf/4.1.2/../../../../nios2-elf/lib\libc.a(lib_a-closer.o)
 .debug_aranges
                0x00000328       0x20 c:/altera/12.0/nios2eds/bin/gnu/h-i686-mingw32/bin/../lib/gcc/nios2-elf/4.1.2/../../../../nios2-elf/lib\libc.a(lib_a-fclose.o)
 .debug_aranges
                0x00000348       0x20 c:/altera/12.0/nios2eds/bin/gnu/h-i686-mingw32/bin/../lib/gcc/nios2-elf/4.1.2/../../../../nios2-elf/lib\libc.a(lib_a-fstatr.o)
 .debug_aranges
                0x00000368       0x20 c:/altera/12.0/nios2eds/bin/gnu/h-i686-mingw32/bin/../lib/gcc/nios2-elf/4.1.2/../../../../nios2-elf/lib\libc.a(lib_a-isattyr.o)
 .debug_aranges
                0x00000388       0x20 c:/altera/12.0/nios2eds/bin/gnu/h-i686-mingw32/bin/../lib/gcc/nios2-elf/4.1.2/../../../../nios2-elf/lib\libc.a(lib_a-lseekr.o)
 .debug_aranges
                0x000003a8       0x20 c:/altera/12.0/nios2eds/bin/gnu/h-i686-mingw32/bin/../lib/gcc/nios2-elf/4.1.2/../../../../nios2-elf/lib\libc.a(lib_a-readr.o)
 .debug_aranges
                0x000003c8       0x20 ../tdee_bsp/\libhal_bsp.a(alt_close.o)
 .debug_aranges
                0x000003e8       0x20 ../tdee_bsp/\libhal_bsp.a(alt_dev.o)
 .debug_aranges
                0x00000408       0x20 ../tdee_bsp/\libhal_bsp.a(alt_fstat.o)
 .debug_aranges
                0x00000428       0x20 ../tdee_bsp/\libhal_bsp.a(alt_isatty.o)
 .debug_aranges
                0x00000448       0x20 ../tdee_bsp/\libhal_bsp.a(alt_load.o)
 .debug_aranges
                0x00000468       0x20 ../tdee_bsp/\libhal_bsp.a(alt_lseek.o)
 .debug_aranges
                0x00000488       0x20 ../tdee_bsp/\libhal_bsp.a(alt_main.o)
 .debug_aranges
                0x000004a8       0x20 ../tdee_bsp/\libhal_bsp.a(alt_malloc_lock.o)
 .debug_aranges
                0x000004c8       0x20 ../tdee_bsp/\libhal_bsp.a(alt_read.o)
 .debug_aranges
                0x000004e8       0x20 ../tdee_bsp/\libhal_bsp.a(alt_release_fd.o)
 .debug_aranges
                0x00000508       0x20 ../tdee_bsp/\libhal_bsp.a(alt_sbrk.o)
 .debug_aranges
                0x00000528       0x20 ../tdee_bsp/\libhal_bsp.a(alt_write.o)
 .debug_aranges
                0x00000548       0x20 ../tdee_bsp/\libhal_bsp.a(alt_sys_init.o)
 .debug_aranges
                0x00000568       0x20 ../tdee_bsp/\libhal_bsp.a(altera_avalon_jtag_uart_fd.o)
 .debug_aranges
                0x00000588       0x20 ../tdee_bsp/\libhal_bsp.a(altera_avalon_jtag_uart_init.o)
 .debug_aranges
                0x000005a8       0x20 ../tdee_bsp/\libhal_bsp.a(altera_avalon_jtag_uart_ioctl.o)
 .debug_aranges
                0x000005c8       0x20 ../tdee_bsp/\libhal_bsp.a(altera_avalon_jtag_uart_read.o)
 .debug_aranges
                0x000005e8       0x20 ../tdee_bsp/\libhal_bsp.a(altera_avalon_jtag_uart_write.o)
 .debug_aranges
                0x00000608       0x20 ../tdee_bsp/\libhal_bsp.a(alt_alarm_start.o)
 .debug_aranges
                0x00000628       0x20 ../tdee_bsp/\libhal_bsp.a(alt_dcache_flush_all.o)
 .debug_aranges
                0x00000648       0x20 ../tdee_bsp/\libhal_bsp.a(alt_dev_llist_insert.o)
 .debug_aranges
                0x00000668       0x20 ../tdee_bsp/\libhal_bsp.a(alt_do_ctors.o)
 .debug_aranges
                0x00000688       0x20 ../tdee_bsp/\libhal_bsp.a(alt_do_dtors.o)
 .debug_aranges
                0x000006a8       0x20 ../tdee_bsp/\libhal_bsp.a(alt_icache_flush_all.o)
 .debug_aranges
                0x000006c8       0x20 ../tdee_bsp/\libhal_bsp.a(alt_iic.o)
 .debug_aranges
                0x000006e8       0x20 ../tdee_bsp/\libhal_bsp.a(alt_iic_isr_register.o)
 .debug_aranges
                0x00000708       0x20 ../tdee_bsp/\libhal_bsp.a(alt_io_redirect.o)
 .debug_aranges
                0x00000728       0x30 ../tdee_bsp/\libhal_bsp.a(alt_irq_entry.o)
 .debug_aranges
                0x00000758       0x28 ../tdee_bsp/\libhal_bsp.a(alt_irq_handler.o)
 .debug_aranges
                0x00000780       0x20 ../tdee_bsp/\libhal_bsp.a(alt_open.o)
 .debug_aranges
                0x000007a0       0x20 ../tdee_bsp/\libhal_bsp.a(alt_tick.o)
 .debug_aranges
                0x000007c0       0x20 ../tdee_bsp/\libhal_bsp.a(altera_nios2_qsys_irq.o)
 .debug_aranges
                0x000007e0       0x38 ../tdee_bsp/\libhal_bsp.a(alt_exception_entry.o)
 .debug_aranges
                0x00000818       0x20 ../tdee_bsp/\libhal_bsp.a(alt_find_dev.o)
 .debug_aranges
                0x00000838       0x20 ../tdee_bsp/\libhal_bsp.a(alt_find_file.o)
 .debug_aranges
                0x00000858       0x20 ../tdee_bsp/\libhal_bsp.a(alt_get_fd.o)
 .debug_aranges
                0x00000878       0x20 ../tdee_bsp/\libhal_bsp.a(alt_icache_flush.o)
 .debug_aranges
                0x00000898       0x20 c:/altera/12.0/nios2eds/bin/gnu/h-i686-mingw32/bin/../lib/gcc/nios2-elf/4.1.2/../../../../nios2-elf/lib\libc.a(lib_a-atexit.o)
 .debug_aranges
                0x000008b8       0x20 c:/altera/12.0/nios2eds/bin/gnu/h-i686-mingw32/bin/../lib/gcc/nios2-elf/4.1.2/../../../../nios2-elf/lib\libc.a(lib_a-exit.o)
 .debug_aranges
                0x000008d8       0x20 c:/altera/12.0/nios2eds/bin/gnu/h-i686-mingw32/bin/../lib/gcc/nios2-elf/4.1.2/../../../../nios2-elf/lib\libc.a(lib_a-memcmp.o)
 .debug_aranges
                0x000008f8       0x20 c:/altera/12.0/nios2eds/bin/gnu/h-i686-mingw32/bin/../lib/gcc/nios2-elf/4.1.2/../../../../nios2-elf/lib\libc.a(lib_a-__atexit.o)
 .debug_aranges
                0x00000918       0x20 c:/altera/12.0/nios2eds/bin/gnu/h-i686-mingw32/bin/../lib/gcc/nios2-elf/4.1.2/../../../../nios2-elf/lib\libc.a(lib_a-__call_atexit.o)
 .debug_aranges
                0x00000938       0x20 ../tdee_bsp/\libhal_bsp.a(alt_exit.o)

.debug_pubnames
                0x00000000      0xe11
 *(.debug_pubnames)
 .debug_pubnames
                0x00000000       0x42 obj/default/hello_world.o
 .debug_pubnames
                0x00000042       0x48 c:/altera/12.0/nios2eds/bin/gnu/h-i686-mingw32/bin/../lib/gcc/nios2-elf/4.1.2\libgcc.a(lib2-divmod.o)
 .debug_pubnames
                0x0000008a       0x2d c:/altera/12.0/nios2eds/bin/gnu/h-i686-mingw32/bin/../lib/gcc/nios2-elf/4.1.2/../../../../nios2-elf/lib\libc.a(lib_a-putchar.o)
 .debug_pubnames
                0x000000b7       0x27 c:/altera/12.0/nios2eds/bin/gnu/h-i686-mingw32/bin/../lib/gcc/nios2-elf/4.1.2/../../../../nios2-elf/lib\libc.a(lib_a-puts.o)
 .debug_pubnames
                0x000000de       0x1d c:/altera/12.0/nios2eds/bin/gnu/h-i686-mingw32/bin/../lib/gcc/nios2-elf/4.1.2/../../../../nios2-elf/lib\libc.a(lib_a-strlen.o)
 .debug_pubnames
                0x000000fb       0x23 c:/altera/12.0/nios2eds/bin/gnu/h-i686-mingw32/bin/../lib/gcc/nios2-elf/4.1.2/../../../../nios2-elf/lib\libc.a(lib_a-fvwrite.o)
 .debug_pubnames
                0x0000011e       0x39 c:/altera/12.0/nios2eds/bin/gnu/h-i686-mingw32/bin/../lib/gcc/nios2-elf/4.1.2/../../../../nios2-elf/lib\libc.a(lib_a-impure.o)
 .debug_pubnames
                0x00000157       0xce c:/altera/12.0/nios2eds/bin/gnu/h-i686-mingw32/bin/../lib/gcc/nios2-elf/4.1.2/../../../../nios2-elf/lib\libc.a(lib_a-mallocr.o)
 .debug_pubnames
                0x00000225       0x1d c:/altera/12.0/nios2eds/bin/gnu/h-i686-mingw32/bin/../lib/gcc/nios2-elf/4.1.2/../../../../nios2-elf/lib\libc.a(lib_a-memchr.o)
 .debug_pubnames
                0x00000242       0x1d c:/altera/12.0/nios2eds/bin/gnu/h-i686-mingw32/bin/../lib/gcc/nios2-elf/4.1.2/../../../../nios2-elf/lib\libc.a(lib_a-memcpy.o)
 .debug_pubnames
                0x0000025f       0x1e c:/altera/12.0/nios2eds/bin/gnu/h-i686-mingw32/bin/../lib/gcc/nios2-elf/4.1.2/../../../../nios2-elf/lib\libc.a(lib_a-memmove.o)
 .debug_pubnames
                0x0000027d       0x27 c:/altera/12.0/nios2eds/bin/gnu/h-i686-mingw32/bin/../lib/gcc/nios2-elf/4.1.2/../../../../nios2-elf/lib\libc.a(lib_a-putc.o)
 .debug_pubnames
                0x000002a4       0x21 c:/altera/12.0/nios2eds/bin/gnu/h-i686-mingw32/bin/../lib/gcc/nios2-elf/4.1.2/../../../../nios2-elf/lib\libc.a(lib_a-reallocr.o)
 .debug_pubnames
                0x000002c5       0x1e c:/altera/12.0/nios2eds/bin/gnu/h-i686-mingw32/bin/../lib/gcc/nios2-elf/4.1.2/../../../../nios2-elf/lib\libc.a(lib_a-sbrkr.o)
 .debug_pubnames
                0x000002e3       0x2c c:/altera/12.0/nios2eds/bin/gnu/h-i686-mingw32/bin/../lib/gcc/nios2-elf/4.1.2/../../../../nios2-elf/lib\libc.a(lib_a-wbuf.o)
 .debug_pubnames
                0x0000030f       0x22 c:/altera/12.0/nios2eds/bin/gnu/h-i686-mingw32/bin/../lib/gcc/nios2-elf/4.1.2/../../../../nios2-elf/lib\libc.a(lib_a-wsetup.o)
 .debug_pubnames
                0x00000331       0x2b c:/altera/12.0/nios2eds/bin/gnu/h-i686-mingw32/bin/../lib/gcc/nios2-elf/4.1.2/../../../../nios2-elf/lib\libc.a(lib_a-fflush.o)
 .debug_pubnames
                0x0000035c       0xdb c:/altera/12.0/nios2eds/bin/gnu/h-i686-mingw32/bin/../lib/gcc/nios2-elf/4.1.2/../../../../nios2-elf/lib\libc.a(lib_a-findfp.o)
 .debug_pubnames
                0x00000437       0x31 c:/altera/12.0/nios2eds/bin/gnu/h-i686-mingw32/bin/../lib/gcc/nios2-elf/4.1.2/../../../../nios2-elf/lib\libc.a(lib_a-freer.o)
 .debug_pubnames
                0x00000468       0x2e c:/altera/12.0/nios2eds/bin/gnu/h-i686-mingw32/bin/../lib/gcc/nios2-elf/4.1.2/../../../../nios2-elf/lib\libc.a(lib_a-fwalk.o)
 .debug_pubnames
                0x00000496       0x1c c:/altera/12.0/nios2eds/bin/gnu/h-i686-mingw32/bin/../lib/gcc/nios2-elf/4.1.2/../../../../nios2-elf/lib\libc.a(lib_a-int_errno.o)
 .debug_pubnames
                0x000004b2       0x23 c:/altera/12.0/nios2eds/bin/gnu/h-i686-mingw32/bin/../lib/gcc/nios2-elf/4.1.2/../../../../nios2-elf/lib\libc.a(lib_a-makebuf.o)
 .debug_pubnames
                0x000004d5       0x1d c:/altera/12.0/nios2eds/bin/gnu/h-i686-mingw32/bin/../lib/gcc/nios2-elf/4.1.2/../../../../nios2-elf/lib\libc.a(lib_a-memset.o)
 .debug_pubnames
                0x000004f2       0x44 c:/altera/12.0/nios2eds/bin/gnu/h-i686-mingw32/bin/../lib/gcc/nios2-elf/4.1.2/../../../../nios2-elf/lib\libc.a(lib_a-stdio.o)
 .debug_pubnames
                0x00000536       0x1f c:/altera/12.0/nios2eds/bin/gnu/h-i686-mingw32/bin/../lib/gcc/nios2-elf/4.1.2/../../../../nios2-elf/lib\libc.a(lib_a-writer.o)
 .debug_pubnames
                0x00000555       0x1f c:/altera/12.0/nios2eds/bin/gnu/h-i686-mingw32/bin/../lib/gcc/nios2-elf/4.1.2/../../../../nios2-elf/lib\libc.a(lib_a-closer.o)
 .debug_pubnames
                0x00000574       0x2b c:/altera/12.0/nios2eds/bin/gnu/h-i686-mingw32/bin/../lib/gcc/nios2-elf/4.1.2/../../../../nios2-elf/lib\libc.a(lib_a-fclose.o)
 .debug_pubnames
                0x0000059f       0x1f c:/altera/12.0/nios2eds/bin/gnu/h-i686-mingw32/bin/../lib/gcc/nios2-elf/4.1.2/../../../../nios2-elf/lib\libc.a(lib_a-fstatr.o)
 .debug_pubnames
                0x000005be       0x20 c:/altera/12.0/nios2eds/bin/gnu/h-i686-mingw32/bin/../lib/gcc/nios2-elf/4.1.2/../../../../nios2-elf/lib\libc.a(lib_a-isattyr.o)
 .debug_pubnames
                0x000005de       0x1f c:/altera/12.0/nios2eds/bin/gnu/h-i686-mingw32/bin/../lib/gcc/nios2-elf/4.1.2/../../../../nios2-elf/lib\libc.a(lib_a-lseekr.o)
 .debug_pubnames
                0x000005fd       0x1e c:/altera/12.0/nios2eds/bin/gnu/h-i686-mingw32/bin/../lib/gcc/nios2-elf/4.1.2/../../../../nios2-elf/lib\libc.a(lib_a-readr.o)
 .debug_pubnames
                0x0000061b       0x1c ../tdee_bsp/\libhal_bsp.a(alt_close.o)
 .debug_pubnames
                0x00000637       0x63 ../tdee_bsp/\libhal_bsp.a(alt_dev.o)
 .debug_pubnames
                0x0000069a       0x20 ../tdee_bsp/\libhal_bsp.a(alt_errno.o)
 .debug_pubnames
                0x000006ba       0x1c ../tdee_bsp/\libhal_bsp.a(alt_fstat.o)
 .debug_pubnames
                0x000006d6       0x1d ../tdee_bsp/\libhal_bsp.a(alt_isatty.o)
 .debug_pubnames
                0x000006f3       0x1f ../tdee_bsp/\libhal_bsp.a(alt_load.o)
 .debug_pubnames
                0x00000712       0x1c ../tdee_bsp/\libhal_bsp.a(alt_lseek.o)
 .debug_pubnames
                0x0000072e       0x46 ../tdee_bsp/\libhal_bsp.a(alt_main.o)
 .debug_pubnames
                0x00000774       0x38 ../tdee_bsp/\libhal_bsp.a(alt_malloc_lock.o)
 .debug_pubnames
                0x000007ac       0x1b ../tdee_bsp/\libhal_bsp.a(alt_read.o)
 .debug_pubnames
                0x000007c7       0x25 ../tdee_bsp/\libhal_bsp.a(alt_release_fd.o)
 .debug_pubnames
                0x000007ec       0x1b ../tdee_bsp/\libhal_bsp.a(alt_sbrk.o)
 .debug_pubnames
                0x00000807       0x1c ../tdee_bsp/\libhal_bsp.a(alt_write.o)
 .debug_pubnames
                0x00000823       0x34 ../tdee_bsp/\libhal_bsp.a(alt_sys_init.o)
 .debug_pubnames
                0x00000857       0xa5 ../tdee_bsp/\libhal_bsp.a(altera_avalon_jtag_uart_fd.o)
 .debug_pubnames
                0x000008fc       0x55 ../tdee_bsp/\libhal_bsp.a(altera_avalon_jtag_uart_init.o)
 .debug_pubnames
                0x00000951       0x34 ../tdee_bsp/\libhal_bsp.a(altera_avalon_jtag_uart_ioctl.o)
 .debug_pubnames
                0x00000985       0x33 ../tdee_bsp/\libhal_bsp.a(altera_avalon_jtag_uart_read.o)
 .debug_pubnames
                0x000009b8       0x34 ../tdee_bsp/\libhal_bsp.a(altera_avalon_jtag_uart_write.o)
 .debug_pubnames
                0x000009ec       0x26 ../tdee_bsp/\libhal_bsp.a(alt_alarm_start.o)
 .debug_pubnames
                0x00000a12       0x2b ../tdee_bsp/\libhal_bsp.a(alt_dcache_flush_all.o)
 .debug_pubnames
                0x00000a3d       0x2b ../tdee_bsp/\libhal_bsp.a(alt_dev_llist_insert.o)
 .debug_pubnames
                0x00000a68       0x20 ../tdee_bsp/\libhal_bsp.a(alt_do_ctors.o)
 .debug_pubnames
                0x00000a88       0x20 ../tdee_bsp/\libhal_bsp.a(alt_do_dtors.o)
 .debug_pubnames
                0x00000aa8       0x2b ../tdee_bsp/\libhal_bsp.a(alt_icache_flush_all.o)
 .debug_pubnames
                0x00000ad3       0x6e ../tdee_bsp/\libhal_bsp.a(alt_iic.o)
 .debug_pubnames
                0x00000b41       0x2b ../tdee_bsp/\libhal_bsp.a(alt_iic_isr_register.o)
 .debug_pubnames
                0x00000b6c       0x26 ../tdee_bsp/\libhal_bsp.a(alt_io_redirect.o)
 .debug_pubnames
                0x00000b92       0x32 ../tdee_bsp/\libhal_bsp.a(alt_irq_handler.o)
 .debug_pubnames
                0x00000bc4       0x3b ../tdee_bsp/\libhal_bsp.a(alt_irq_vars.o)
 .debug_pubnames
                0x00000bff       0x1b ../tdee_bsp/\libhal_bsp.a(alt_open.o)
 .debug_pubnames
                0x00000c1a       0x68 ../tdee_bsp/\libhal_bsp.a(alt_tick.o)
 .debug_pubnames
                0x00000c82       0x31 ../tdee_bsp/\libhal_bsp.a(altera_nios2_qsys_irq.o)
 .debug_pubnames
                0x00000cb3       0x23 ../tdee_bsp/\libhal_bsp.a(alt_find_dev.o)
 .debug_pubnames
                0x00000cd6       0x24 ../tdee_bsp/\libhal_bsp.a(alt_find_file.o)
 .debug_pubnames
                0x00000cfa       0x21 ../tdee_bsp/\libhal_bsp.a(alt_get_fd.o)
 .debug_pubnames
                0x00000d1b       0x27 ../tdee_bsp/\libhal_bsp.a(alt_icache_flush.o)
 .debug_pubnames
                0x00000d42       0x2a c:/altera/12.0/nios2eds/bin/gnu/h-i686-mingw32/bin/../lib/gcc/nios2-elf/4.1.2/../../../../nios2-elf/lib\libc.a(lib_a-atexit.o)
 .debug_pubnames
                0x00000d6c       0x1b c:/altera/12.0/nios2eds/bin/gnu/h-i686-mingw32/bin/../lib/gcc/nios2-elf/4.1.2/../../../../nios2-elf/lib\libc.a(lib_a-exit.o)
 .debug_pubnames
                0x00000d87       0x1d c:/altera/12.0/nios2eds/bin/gnu/h-i686-mingw32/bin/../lib/gcc/nios2-elf/4.1.2/../../../../nios2-elf/lib\libc.a(lib_a-memcmp.o)
 .debug_pubnames
                0x00000da4       0x2a c:/altera/12.0/nios2eds/bin/gnu/h-i686-mingw32/bin/../lib/gcc/nios2-elf/4.1.2/../../../../nios2-elf/lib\libc.a(lib_a-__atexit.o)
 .debug_pubnames
                0x00000dce       0x27 c:/altera/12.0/nios2eds/bin/gnu/h-i686-mingw32/bin/../lib/gcc/nios2-elf/4.1.2/../../../../nios2-elf/lib\libc.a(lib_a-__call_atexit.o)
 .debug_pubnames
                0x00000df5       0x1c ../tdee_bsp/\libhal_bsp.a(alt_exit.o)

.debug_info     0x00000000    0x1b145
 *(.debug_info .gnu.linkonce.wi.*)
 .debug_info    0x00000000       0x5b ../tdee_bsp//obj/HAL/src/crt0.o
 .debug_info    0x0000005b      0x380 obj/default/hello_world.o
 .debug_info    0x000003db      0x21c c:/altera/12.0/nios2eds/bin/gnu/h-i686-mingw32/bin/../lib/gcc/nios2-elf/4.1.2\libgcc.a(lib2-divmod.o)
 .debug_info    0x000005f7      0x972 c:/altera/12.0/nios2eds/bin/gnu/h-i686-mingw32/bin/../lib/gcc/nios2-elf/4.1.2/../../../../nios2-elf/lib\libc.a(lib_a-putchar.o)
 .debug_info    0x00000f69      0xa25 c:/altera/12.0/nios2eds/bin/gnu/h-i686-mingw32/bin/../lib/gcc/nios2-elf/4.1.2/../../../../nios2-elf/lib\libc.a(lib_a-puts.o)
 .debug_info    0x0000198e       0xdb c:/altera/12.0/nios2eds/bin/gnu/h-i686-mingw32/bin/../lib/gcc/nios2-elf/4.1.2/../../../../nios2-elf/lib\libc.a(lib_a-strlen.o)
 .debug_info    0x00001a69      0xa88 c:/altera/12.0/nios2eds/bin/gnu/h-i686-mingw32/bin/../lib/gcc/nios2-elf/4.1.2/../../../../nios2-elf/lib\libc.a(lib_a-fvwrite.o)
 .debug_info    0x000024f1      0x93d c:/altera/12.0/nios2eds/bin/gnu/h-i686-mingw32/bin/../lib/gcc/nios2-elf/4.1.2/../../../../nios2-elf/lib\libc.a(lib_a-impure.o)
 .debug_info    0x00002e2e      0xcd0 c:/altera/12.0/nios2eds/bin/gnu/h-i686-mingw32/bin/../lib/gcc/nios2-elf/4.1.2/../../../../nios2-elf/lib\libc.a(lib_a-mallocr.o)
 .debug_info    0x00003afe      0x138 c:/altera/12.0/nios2eds/bin/gnu/h-i686-mingw32/bin/../lib/gcc/nios2-elf/4.1.2/../../../../nios2-elf/lib\libc.a(lib_a-memchr.o)
 .debug_info    0x00003c36      0x106 c:/altera/12.0/nios2eds/bin/gnu/h-i686-mingw32/bin/../lib/gcc/nios2-elf/4.1.2/../../../../nios2-elf/lib\libc.a(lib_a-memcpy.o)
 .debug_info    0x00003d3c      0x13e c:/altera/12.0/nios2eds/bin/gnu/h-i686-mingw32/bin/../lib/gcc/nios2-elf/4.1.2/../../../../nios2-elf/lib\libc.a(lib_a-memmove.o)
 .debug_info    0x00003e7a      0x9c1 c:/altera/12.0/nios2eds/bin/gnu/h-i686-mingw32/bin/../lib/gcc/nios2-elf/4.1.2/../../../../nios2-elf/lib\libc.a(lib_a-putc.o)
 .debug_info    0x0000483b      0xbd7 c:/altera/12.0/nios2eds/bin/gnu/h-i686-mingw32/bin/../lib/gcc/nios2-elf/4.1.2/../../../../nios2-elf/lib\libc.a(lib_a-reallocr.o)
 .debug_info    0x00005412      0x962 c:/altera/12.0/nios2eds/bin/gnu/h-i686-mingw32/bin/../lib/gcc/nios2-elf/4.1.2/../../../../nios2-elf/lib\libc.a(lib_a-sbrkr.o)
 .debug_info    0x00005d74      0x9ae c:/altera/12.0/nios2eds/bin/gnu/h-i686-mingw32/bin/../lib/gcc/nios2-elf/4.1.2/../../../../nios2-elf/lib\libc.a(lib_a-wbuf.o)
 .debug_info    0x00006722      0x95d c:/altera/12.0/nios2eds/bin/gnu/h-i686-mingw32/bin/../lib/gcc/nios2-elf/4.1.2/../../../../nios2-elf/lib\libc.a(lib_a-wsetup.o)
 .debug_info    0x0000707f      0x9fe c:/altera/12.0/nios2eds/bin/gnu/h-i686-mingw32/bin/../lib/gcc/nios2-elf/4.1.2/../../../../nios2-elf/lib\libc.a(lib_a-fflush.o)
 .debug_info    0x00007a7d      0xb72 c:/altera/12.0/nios2eds/bin/gnu/h-i686-mingw32/bin/../lib/gcc/nios2-elf/4.1.2/../../../../nios2-elf/lib\libc.a(lib_a-findfp.o)
 .debug_info    0x000085ef      0xbc9 c:/altera/12.0/nios2eds/bin/gnu/h-i686-mingw32/bin/../lib/gcc/nios2-elf/4.1.2/../../../../nios2-elf/lib\libc.a(lib_a-freer.o)
 .debug_info    0x000091b8      0xaed c:/altera/12.0/nios2eds/bin/gnu/h-i686-mingw32/bin/../lib/gcc/nios2-elf/4.1.2/../../../../nios2-elf/lib\libc.a(lib_a-fwalk.o)
 .debug_info    0x00009ca5       0x8c c:/altera/12.0/nios2eds/bin/gnu/h-i686-mingw32/bin/../lib/gcc/nios2-elf/4.1.2/../../../../nios2-elf/lib\libc.a(lib_a-int_errno.o)
 .debug_info    0x00009d31      0xb1a c:/altera/12.0/nios2eds/bin/gnu/h-i686-mingw32/bin/../lib/gcc/nios2-elf/4.1.2/../../../../nios2-elf/lib\libc.a(lib_a-makebuf.o)
 .debug_info    0x0000a84b      0x113 c:/altera/12.0/nios2eds/bin/gnu/h-i686-mingw32/bin/../lib/gcc/nios2-elf/4.1.2/../../../../nios2-elf/lib\libc.a(lib_a-memset.o)
 .debug_info    0x0000a95e      0xaac c:/altera/12.0/nios2eds/bin/gnu/h-i686-mingw32/bin/../lib/gcc/nios2-elf/4.1.2/../../../../nios2-elf/lib\libc.a(lib_a-stdio.o)
 .debug_info    0x0000b40a      0x993 c:/altera/12.0/nios2eds/bin/gnu/h-i686-mingw32/bin/../lib/gcc/nios2-elf/4.1.2/../../../../nios2-elf/lib\libc.a(lib_a-writer.o)
 .debug_info    0x0000bd9d      0x958 c:/altera/12.0/nios2eds/bin/gnu/h-i686-mingw32/bin/../lib/gcc/nios2-elf/4.1.2/../../../../nios2-elf/lib\libc.a(lib_a-closer.o)
 .debug_info    0x0000c6f5      0x994 c:/altera/12.0/nios2eds/bin/gnu/h-i686-mingw32/bin/../lib/gcc/nios2-elf/4.1.2/../../../../nios2-elf/lib\libc.a(lib_a-fclose.o)
 .debug_info    0x0000d089      0xafc c:/altera/12.0/nios2eds/bin/gnu/h-i686-mingw32/bin/../lib/gcc/nios2-elf/4.1.2/../../../../nios2-elf/lib\libc.a(lib_a-fstatr.o)
 .debug_info    0x0000db85      0x958 c:/altera/12.0/nios2eds/bin/gnu/h-i686-mingw32/bin/../lib/gcc/nios2-elf/4.1.2/../../../../nios2-elf/lib\libc.a(lib_a-isattyr.o)
 .debug_info    0x0000e4dd      0x981 c:/altera/12.0/nios2eds/bin/gnu/h-i686-mingw32/bin/../lib/gcc/nios2-elf/4.1.2/../../../../nios2-elf/lib\libc.a(lib_a-lseekr.o)
 .debug_info    0x0000ee5e      0x98c c:/altera/12.0/nios2eds/bin/gnu/h-i686-mingw32/bin/../lib/gcc/nios2-elf/4.1.2/../../../../nios2-elf/lib\libc.a(lib_a-readr.o)
 .debug_info    0x0000f7ea      0x447 ../tdee_bsp/\libhal_bsp.a(alt_close.o)
 .debug_info    0x0000fc31      0x65f ../tdee_bsp/\libhal_bsp.a(alt_dev.o)
 .debug_info    0x00010290      0x144 ../tdee_bsp/\libhal_bsp.a(alt_errno.o)
 .debug_info    0x000103d4      0x640 ../tdee_bsp/\libhal_bsp.a(alt_fstat.o)
 .debug_info    0x00010a14      0x646 ../tdee_bsp/\libhal_bsp.a(alt_isatty.o)
 .debug_info    0x0001105a      0x26d ../tdee_bsp/\libhal_bsp.a(alt_load.o)
 .debug_info    0x000112c7      0x47a ../tdee_bsp/\libhal_bsp.a(alt_lseek.o)
 .debug_info    0x00011741      0x205 ../tdee_bsp/\libhal_bsp.a(alt_main.o)
 .debug_info    0x00011946      0xbf8 ../tdee_bsp/\libhal_bsp.a(alt_malloc_lock.o)
 .debug_info    0x0001253e      0x66a ../tdee_bsp/\libhal_bsp.a(alt_read.o)
 .debug_info    0x00012ba8      0x3d2 ../tdee_bsp/\libhal_bsp.a(alt_release_fd.o)
 .debug_info    0x00012f7a      0x297 ../tdee_bsp/\libhal_bsp.a(alt_sbrk.o)
 .debug_info    0x00013211      0x673 ../tdee_bsp/\libhal_bsp.a(alt_write.o)
 .debug_info    0x00013884      0x6b8 ../tdee_bsp/\libhal_bsp.a(alt_sys_init.o)
 .debug_info    0x00013f3c      0x7b9 ../tdee_bsp/\libhal_bsp.a(altera_avalon_jtag_uart_fd.o)
 .debug_info    0x000146f5      0x5e1 ../tdee_bsp/\libhal_bsp.a(altera_avalon_jtag_uart_init.o)
 .debug_info    0x00014cd6      0x423 ../tdee_bsp/\libhal_bsp.a(altera_avalon_jtag_uart_ioctl.o)
 .debug_info    0x000150f9      0x526 ../tdee_bsp/\libhal_bsp.a(altera_avalon_jtag_uart_read.o)
 .debug_info    0x0001561f      0x51e ../tdee_bsp/\libhal_bsp.a(altera_avalon_jtag_uart_write.o)
 .debug_info    0x00015b3d      0x422 ../tdee_bsp/\libhal_bsp.a(alt_alarm_start.o)
 .debug_info    0x00015f5f      0x14f ../tdee_bsp/\libhal_bsp.a(alt_dcache_flush_all.o)
 .debug_info    0x000160ae      0x297 ../tdee_bsp/\libhal_bsp.a(alt_dev_llist_insert.o)
 .debug_info    0x00016345       0xef ../tdee_bsp/\libhal_bsp.a(alt_do_ctors.o)
 .debug_info    0x00016434       0xee ../tdee_bsp/\libhal_bsp.a(alt_do_dtors.o)
 .debug_info    0x00016522      0x13c ../tdee_bsp/\libhal_bsp.a(alt_icache_flush_all.o)
 .debug_info    0x0001665e      0x473 ../tdee_bsp/\libhal_bsp.a(alt_iic.o)
 .debug_info    0x00016ad1      0x2f4 ../tdee_bsp/\libhal_bsp.a(alt_iic_isr_register.o)
 .debug_info    0x00016dc5      0x675 ../tdee_bsp/\libhal_bsp.a(alt_io_redirect.o)
 .debug_info    0x0001743a       0x64 ../tdee_bsp/\libhal_bsp.a(alt_irq_entry.o)
 .debug_info    0x0001749e      0x255 ../tdee_bsp/\libhal_bsp.a(alt_irq_handler.o)
 .debug_info    0x000176f3      0x147 ../tdee_bsp/\libhal_bsp.a(alt_irq_vars.o)
 .debug_info    0x0001783a      0x505 ../tdee_bsp/\libhal_bsp.a(alt_open.o)
 .debug_info    0x00017d3f      0x3de ../tdee_bsp/\libhal_bsp.a(alt_tick.o)
 .debug_info    0x0001811d      0x143 ../tdee_bsp/\libhal_bsp.a(altera_nios2_qsys_irq.o)
 .debug_info    0x00018260       0x6a ../tdee_bsp/\libhal_bsp.a(alt_exception_entry.o)
 .debug_info    0x000182ca      0x3f8 ../tdee_bsp/\libhal_bsp.a(alt_find_dev.o)
 .debug_info    0x000186c2      0x3ff ../tdee_bsp/\libhal_bsp.a(alt_find_file.o)
 .debug_info    0x00018ac1      0x440 ../tdee_bsp/\libhal_bsp.a(alt_get_fd.o)
 .debug_info    0x00018f01      0x184 ../tdee_bsp/\libhal_bsp.a(alt_icache_flush.o)
 .debug_info    0x00019085      0x181 c:/altera/12.0/nios2eds/bin/gnu/h-i686-mingw32/bin/../lib/gcc/nios2-elf/4.1.2/../../../../nios2-elf/lib\libc.a(lib_a-atexit.o)
 .debug_info    0x00019206      0x93f c:/altera/12.0/nios2eds/bin/gnu/h-i686-mingw32/bin/../lib/gcc/nios2-elf/4.1.2/../../../../nios2-elf/lib\libc.a(lib_a-exit.o)
 .debug_info    0x00019b45      0x115 c:/altera/12.0/nios2eds/bin/gnu/h-i686-mingw32/bin/../lib/gcc/nios2-elf/4.1.2/../../../../nios2-elf/lib\libc.a(lib_a-memcmp.o)
 .debug_info    0x00019c5a      0x99c c:/altera/12.0/nios2eds/bin/gnu/h-i686-mingw32/bin/../lib/gcc/nios2-elf/4.1.2/../../../../nios2-elf/lib\libc.a(lib_a-__atexit.o)
 .debug_info    0x0001a5f6      0x9e2 c:/altera/12.0/nios2eds/bin/gnu/h-i686-mingw32/bin/../lib/gcc/nios2-elf/4.1.2/../../../../nios2-elf/lib\libc.a(lib_a-__call_atexit.o)
 .debug_info    0x0001afd8      0x16d ../tdee_bsp/\libhal_bsp.a(alt_exit.o)

.debug_abbrev   0x00000000     0x5398
 *(.debug_abbrev)
 .debug_abbrev  0x00000000       0x12 ../tdee_bsp//obj/HAL/src/crt0.o
 .debug_abbrev  0x00000012       0x8d obj/default/hello_world.o
 .debug_abbrev  0x0000009f       0xe0 c:/altera/12.0/nios2eds/bin/gnu/h-i686-mingw32/bin/../lib/gcc/nios2-elf/4.1.2\libgcc.a(lib2-divmod.o)
 .debug_abbrev  0x0000017f      0x170 c:/altera/12.0/nios2eds/bin/gnu/h-i686-mingw32/bin/../lib/gcc/nios2-elf/4.1.2/../../../../nios2-elf/lib\libc.a(lib_a-putchar.o)
 .debug_abbrev  0x000002ef      0x1ac c:/altera/12.0/nios2eds/bin/gnu/h-i686-mingw32/bin/../lib/gcc/nios2-elf/4.1.2/../../../../nios2-elf/lib\libc.a(lib_a-puts.o)
 .debug_abbrev  0x0000049b       0x8b c:/altera/12.0/nios2eds/bin/gnu/h-i686-mingw32/bin/../lib/gcc/nios2-elf/4.1.2/../../../../nios2-elf/lib\libc.a(lib_a-strlen.o)
 .debug_abbrev  0x00000526      0x1a3 c:/altera/12.0/nios2eds/bin/gnu/h-i686-mingw32/bin/../lib/gcc/nios2-elf/4.1.2/../../../../nios2-elf/lib\libc.a(lib_a-fvwrite.o)
 .debug_abbrev  0x000006c9      0x157 c:/altera/12.0/nios2eds/bin/gnu/h-i686-mingw32/bin/../lib/gcc/nios2-elf/4.1.2/../../../../nios2-elf/lib\libc.a(lib_a-impure.o)
 .debug_abbrev  0x00000820      0x216 c:/altera/12.0/nios2eds/bin/gnu/h-i686-mingw32/bin/../lib/gcc/nios2-elf/4.1.2/../../../../nios2-elf/lib\libc.a(lib_a-mallocr.o)
 .debug_abbrev  0x00000a36       0xb5 c:/altera/12.0/nios2eds/bin/gnu/h-i686-mingw32/bin/../lib/gcc/nios2-elf/4.1.2/../../../../nios2-elf/lib\libc.a(lib_a-memchr.o)
 .debug_abbrev  0x00000aeb       0xb5 c:/altera/12.0/nios2eds/bin/gnu/h-i686-mingw32/bin/../lib/gcc/nios2-elf/4.1.2/../../../../nios2-elf/lib\libc.a(lib_a-memcpy.o)
 .debug_abbrev  0x00000ba0       0xb5 c:/altera/12.0/nios2eds/bin/gnu/h-i686-mingw32/bin/../lib/gcc/nios2-elf/4.1.2/../../../../nios2-elf/lib\libc.a(lib_a-memmove.o)
 .debug_abbrev  0x00000c55      0x17f c:/altera/12.0/nios2eds/bin/gnu/h-i686-mingw32/bin/../lib/gcc/nios2-elf/4.1.2/../../../../nios2-elf/lib\libc.a(lib_a-putc.o)
 .debug_abbrev  0x00000dd4      0x1c3 c:/altera/12.0/nios2eds/bin/gnu/h-i686-mingw32/bin/../lib/gcc/nios2-elf/4.1.2/../../../../nios2-elf/lib\libc.a(lib_a-reallocr.o)
 .debug_abbrev  0x00000f97      0x18c c:/altera/12.0/nios2eds/bin/gnu/h-i686-mingw32/bin/../lib/gcc/nios2-elf/4.1.2/../../../../nios2-elf/lib\libc.a(lib_a-sbrkr.o)
 .debug_abbrev  0x00001123      0x198 c:/altera/12.0/nios2eds/bin/gnu/h-i686-mingw32/bin/../lib/gcc/nios2-elf/4.1.2/../../../../nios2-elf/lib\libc.a(lib_a-wbuf.o)
 .debug_abbrev  0x000012bb      0x170 c:/altera/12.0/nios2eds/bin/gnu/h-i686-mingw32/bin/../lib/gcc/nios2-elf/4.1.2/../../../../nios2-elf/lib\libc.a(lib_a-wsetup.o)
 .debug_abbrev  0x0000142b      0x1c6 c:/altera/12.0/nios2eds/bin/gnu/h-i686-mingw32/bin/../lib/gcc/nios2-elf/4.1.2/../../../../nios2-elf/lib\libc.a(lib_a-fflush.o)
 .debug_abbrev  0x000015f1      0x24c c:/altera/12.0/nios2eds/bin/gnu/h-i686-mingw32/bin/../lib/gcc/nios2-elf/4.1.2/../../../../nios2-elf/lib\libc.a(lib_a-findfp.o)
 .debug_abbrev  0x0000183d      0x1d9 c:/altera/12.0/nios2eds/bin/gnu/h-i686-mingw32/bin/../lib/gcc/nios2-elf/4.1.2/../../../../nios2-elf/lib\libc.a(lib_a-freer.o)
 .debug_abbrev  0x00001a16      0x1e3 c:/altera/12.0/nios2eds/bin/gnu/h-i686-mingw32/bin/../lib/gcc/nios2-elf/4.1.2/../../../../nios2-elf/lib\libc.a(lib_a-fwalk.o)
 .debug_abbrev  0x00001bf9       0x3b c:/altera/12.0/nios2eds/bin/gnu/h-i686-mingw32/bin/../lib/gcc/nios2-elf/4.1.2/../../../../nios2-elf/lib\libc.a(lib_a-int_errno.o)
 .debug_abbrev  0x00001c34      0x197 c:/altera/12.0/nios2eds/bin/gnu/h-i686-mingw32/bin/../lib/gcc/nios2-elf/4.1.2/../../../../nios2-elf/lib\libc.a(lib_a-makebuf.o)
 .debug_abbrev  0x00001dcb       0xb8 c:/altera/12.0/nios2eds/bin/gnu/h-i686-mingw32/bin/../lib/gcc/nios2-elf/4.1.2/../../../../nios2-elf/lib\libc.a(lib_a-memset.o)
 .debug_abbrev  0x00001e83      0x1c9 c:/altera/12.0/nios2eds/bin/gnu/h-i686-mingw32/bin/../lib/gcc/nios2-elf/4.1.2/../../../../nios2-elf/lib\libc.a(lib_a-stdio.o)
 .debug_abbrev  0x0000204c      0x184 c:/altera/12.0/nios2eds/bin/gnu/h-i686-mingw32/bin/../lib/gcc/nios2-elf/4.1.2/../../../../nios2-elf/lib\libc.a(lib_a-writer.o)
 .debug_abbrev  0x000021d0      0x17f c:/altera/12.0/nios2eds/bin/gnu/h-i686-mingw32/bin/../lib/gcc/nios2-elf/4.1.2/../../../../nios2-elf/lib\libc.a(lib_a-closer.o)
 .debug_abbrev  0x0000234f      0x1a7 c:/altera/12.0/nios2eds/bin/gnu/h-i686-mingw32/bin/../lib/gcc/nios2-elf/4.1.2/../../../../nios2-elf/lib\libc.a(lib_a-fclose.o)
 .debug_abbrev  0x000024f6      0x18e c:/altera/12.0/nios2eds/bin/gnu/h-i686-mingw32/bin/../lib/gcc/nios2-elf/4.1.2/../../../../nios2-elf/lib\libc.a(lib_a-fstatr.o)
 .debug_abbrev  0x00002684      0x17f c:/altera/12.0/nios2eds/bin/gnu/h-i686-mingw32/bin/../lib/gcc/nios2-elf/4.1.2/../../../../nios2-elf/lib\libc.a(lib_a-isattyr.o)
 .debug_abbrev  0x00002803      0x18e c:/altera/12.0/nios2eds/bin/gnu/h-i686-mingw32/bin/../lib/gcc/nios2-elf/4.1.2/../../../../nios2-elf/lib\libc.a(lib_a-lseekr.o)
 .debug_abbrev  0x00002991      0x17f c:/altera/12.0/nios2eds/bin/gnu/h-i686-mingw32/bin/../lib/gcc/nios2-elf/4.1.2/../../../../nios2-elf/lib\libc.a(lib_a-readr.o)
 .debug_abbrev  0x00002b10       0xfb ../tdee_bsp/\libhal_bsp.a(alt_close.o)
 .debug_abbrev  0x00002c0b       0xc7 ../tdee_bsp/\libhal_bsp.a(alt_dev.o)
 .debug_abbrev  0x00002cd2       0x5e ../tdee_bsp/\libhal_bsp.a(alt_errno.o)
 .debug_abbrev  0x00002d30       0xfb ../tdee_bsp/\libhal_bsp.a(alt_fstat.o)
 .debug_abbrev  0x00002e2b       0xfb ../tdee_bsp/\libhal_bsp.a(alt_isatty.o)
 .debug_abbrev  0x00002f26       0x88 ../tdee_bsp/\libhal_bsp.a(alt_load.o)
 .debug_abbrev  0x00002fae       0xfb ../tdee_bsp/\libhal_bsp.a(alt_lseek.o)
 .debug_abbrev  0x000030a9       0xb7 ../tdee_bsp/\libhal_bsp.a(alt_main.o)
 .debug_abbrev  0x00003160      0x181 ../tdee_bsp/\libhal_bsp.a(alt_malloc_lock.o)
 .debug_abbrev  0x000032e1       0xfb ../tdee_bsp/\libhal_bsp.a(alt_read.o)
 .debug_abbrev  0x000033dc       0xc1 ../tdee_bsp/\libhal_bsp.a(alt_release_fd.o)
 .debug_abbrev  0x0000349d      0x115 ../tdee_bsp/\libhal_bsp.a(alt_sbrk.o)
 .debug_abbrev  0x000035b2      0x100 ../tdee_bsp/\libhal_bsp.a(alt_write.o)
 .debug_abbrev  0x000036b2      0x142 ../tdee_bsp/\libhal_bsp.a(alt_sys_init.o)
 .debug_abbrev  0x000037f4       0xf7 ../tdee_bsp/\libhal_bsp.a(altera_avalon_jtag_uart_fd.o)
 .debug_abbrev  0x000038eb      0x17c ../tdee_bsp/\libhal_bsp.a(altera_avalon_jtag_uart_init.o)
 .debug_abbrev  0x00003a67       0xf0 ../tdee_bsp/\libhal_bsp.a(altera_avalon_jtag_uart_ioctl.o)
 .debug_abbrev  0x00003b57      0x191 ../tdee_bsp/\libhal_bsp.a(altera_avalon_jtag_uart_read.o)
 .debug_abbrev  0x00003ce8      0x18d ../tdee_bsp/\libhal_bsp.a(altera_avalon_jtag_uart_write.o)
 .debug_abbrev  0x00003e75      0x172 ../tdee_bsp/\libhal_bsp.a(alt_alarm_start.o)
 .debug_abbrev  0x00003fe7       0x57 ../tdee_bsp/\libhal_bsp.a(alt_dcache_flush_all.o)
 .debug_abbrev  0x0000403e       0xf6 ../tdee_bsp/\libhal_bsp.a(alt_dev_llist_insert.o)
 .debug_abbrev  0x00004134       0x76 ../tdee_bsp/\libhal_bsp.a(alt_do_ctors.o)
 .debug_abbrev  0x000041aa       0x76 ../tdee_bsp/\libhal_bsp.a(alt_do_dtors.o)
 .debug_abbrev  0x00004220       0x3f ../tdee_bsp/\libhal_bsp.a(alt_icache_flush_all.o)
 .debug_abbrev  0x0000425f      0x134 ../tdee_bsp/\libhal_bsp.a(alt_iic.o)
 .debug_abbrev  0x00004393      0x14e ../tdee_bsp/\libhal_bsp.a(alt_iic_isr_register.o)
 .debug_abbrev  0x000044e1       0xf0 ../tdee_bsp/\libhal_bsp.a(alt_io_redirect.o)
 .debug_abbrev  0x000045d1       0x12 ../tdee_bsp/\libhal_bsp.a(alt_irq_entry.o)
 .debug_abbrev  0x000045e3      0x10c ../tdee_bsp/\libhal_bsp.a(alt_irq_handler.o)
 .debug_abbrev  0x000046ef       0x44 ../tdee_bsp/\libhal_bsp.a(alt_irq_vars.o)
 .debug_abbrev  0x00004733      0x112 ../tdee_bsp/\libhal_bsp.a(alt_open.o)
 .debug_abbrev  0x00004845      0x150 ../tdee_bsp/\libhal_bsp.a(alt_tick.o)
 .debug_abbrev  0x00004995       0x3f ../tdee_bsp/\libhal_bsp.a(altera_nios2_qsys_irq.o)
 .debug_abbrev  0x000049d4       0x12 ../tdee_bsp/\libhal_bsp.a(alt_exception_entry.o)
 .debug_abbrev  0x000049e6       0xcf ../tdee_bsp/\libhal_bsp.a(alt_find_dev.o)
 .debug_abbrev  0x00004ab5       0xcf ../tdee_bsp/\libhal_bsp.a(alt_find_file.o)
 .debug_abbrev  0x00004b84       0xfb ../tdee_bsp/\libhal_bsp.a(alt_get_fd.o)
 .debug_abbrev  0x00004c7f       0x7a ../tdee_bsp/\libhal_bsp.a(alt_icache_flush.o)
 .debug_abbrev  0x00004cf9       0xb7 c:/altera/12.0/nios2eds/bin/gnu/h-i686-mingw32/bin/../lib/gcc/nios2-elf/4.1.2/../../../../nios2-elf/lib\libc.a(lib_a-atexit.o)
 .debug_abbrev  0x00004db0      0x16e c:/altera/12.0/nios2eds/bin/gnu/h-i686-mingw32/bin/../lib/gcc/nios2-elf/4.1.2/../../../../nios2-elf/lib\libc.a(lib_a-exit.o)
 .debug_abbrev  0x00004f1e       0x7c c:/altera/12.0/nios2eds/bin/gnu/h-i686-mingw32/bin/../lib/gcc/nios2-elf/4.1.2/../../../../nios2-elf/lib\libc.a(lib_a-memcmp.o)
 .debug_abbrev  0x00004f9a      0x1ae c:/altera/12.0/nios2eds/bin/gnu/h-i686-mingw32/bin/../lib/gcc/nios2-elf/4.1.2/../../../../nios2-elf/lib\libc.a(lib_a-__atexit.o)
 .debug_abbrev  0x00005148      0x1de c:/altera/12.0/nios2eds/bin/gnu/h-i686-mingw32/bin/../lib/gcc/nios2-elf/4.1.2/../../../../nios2-elf/lib\libc.a(lib_a-__call_atexit.o)
 .debug_abbrev  0x00005326       0x72 ../tdee_bsp/\libhal_bsp.a(alt_exit.o)

.debug_line     0x00000000     0xd39b
 *(.debug_line)
 .debug_line    0x00000000       0x72 ../tdee_bsp//obj/HAL/src/crt0.o
 .debug_line    0x00000072      0x71c obj/default/hello_world.o
 .debug_line    0x0000078e      0x24f c:/altera/12.0/nios2eds/bin/gnu/h-i686-mingw32/bin/../lib/gcc/nios2-elf/4.1.2\libgcc.a(lib2-divmod.o)